Component: ARM Compiler 5.06 update 7 (build 960) Tool: armlink [4d3601]

==============================================================================

Section Cross References

    startup_stm32f10x_md.o(STACK) refers (Special) to heapauxi.o(.text) for __use_two_region_memory
    startup_stm32f10x_md.o(HEAP) refers (Special) to heapauxi.o(.text) for __use_two_region_memory
    startup_stm32f10x_md.o(RESET) refers (Special) to heapauxi.o(.text) for __use_two_region_memory
    startup_stm32f10x_md.o(RESET) refers to startup_stm32f10x_md.o(STACK) for __initial_sp
    startup_stm32f10x_md.o(RESET) refers to startup_stm32f10x_md.o(.text) for Reset_Handler
    startup_stm32f10x_md.o(RESET) refers to stm32f10x_it.o(i.NMI_Handler) for NMI_Handler
    startup_stm32f10x_md.o(RESET) refers to stm32f10x_it.o(i.HardFault_Handler) for HardFault_Handler
    startup_stm32f10x_md.o(RESET) refers to stm32f10x_it.o(i.MemManage_Handler) for MemManage_Handler
    startup_stm32f10x_md.o(RESET) refers to stm32f10x_it.o(i.BusFault_Handler) for BusFault_Handler
    startup_stm32f10x_md.o(RESET) refers to stm32f10x_it.o(i.UsageFault_Handler) for UsageFault_Handler
    startup_stm32f10x_md.o(RESET) refers to stm32f10x_it.o(i.SVC_Handler) for SVC_Handler
    startup_stm32f10x_md.o(RESET) refers to stm32f10x_it.o(i.DebugMon_Handler) for DebugMon_Handler
    startup_stm32f10x_md.o(RESET) refers to stm32f10x_it.o(i.PendSV_Handler) for PendSV_Handler
    startup_stm32f10x_md.o(RESET) refers to stm32f10x_it.o(i.SysTick_Handler) for SysTick_Handler
    startup_stm32f10x_md.o(RESET) refers to main.o(i.TIM2_IRQHandler) for TIM2_IRQHandler
    startup_stm32f10x_md.o(.text) refers (Special) to heapauxi.o(.text) for __use_two_region_memory
    startup_stm32f10x_md.o(.text) refers to system_stm32f10x.o(i.SystemInit) for SystemInit
    startup_stm32f10x_md.o(.text) refers to __main.o(!!!main) for __main
    startup_stm32f10x_md.o(.text) refers to startup_stm32f10x_md.o(HEAP) for Heap_Mem
    startup_stm32f10x_md.o(.text) refers to startup_stm32f10x_md.o(STACK) for Stack_Mem
    system_stm32f10x.o(i.SetSysClock) refers to system_stm32f10x.o(i.SetSysClockTo72) for SetSysClockTo72
    system_stm32f10x.o(i.SystemCoreClockUpdate) refers to system_stm32f10x.o(.data) for .data
    system_stm32f10x.o(i.SystemInit) refers to system_stm32f10x.o(i.SetSysClock) for SetSysClock
    stm32f10x_adc.o(i.ADC_DeInit) refers to stm32f10x_rcc.o(i.RCC_APB2PeriphResetCmd) for RCC_APB2PeriphResetCmd
    stm32f10x_bkp.o(i.BKP_DeInit) refers to stm32f10x_rcc.o(i.RCC_BackupResetCmd) for RCC_BackupResetCmd
    stm32f10x_can.o(i.CAN_DeInit) refers to stm32f10x_rcc.o(i.RCC_APB1PeriphResetCmd) for RCC_APB1PeriphResetCmd
    stm32f10x_can.o(i.CAN_GetITStatus) refers to stm32f10x_can.o(i.CheckITStatus) for CheckITStatus
    stm32f10x_cec.o(i.CEC_DeInit) refers to stm32f10x_rcc.o(i.RCC_APB1PeriphResetCmd) for RCC_APB1PeriphResetCmd
    stm32f10x_dac.o(i.DAC_DeInit) refers to stm32f10x_rcc.o(i.RCC_APB1PeriphResetCmd) for RCC_APB1PeriphResetCmd
    stm32f10x_flash.o(i.FLASH_EnableWriteProtection) refers to stm32f10x_flash.o(i.FLASH_WaitForLastOperation) for FLASH_WaitForLastOperation
    stm32f10x_flash.o(i.FLASH_EraseAllBank1Pages) refers to stm32f10x_flash.o(i.FLASH_WaitForLastBank1Operation) for FLASH_WaitForLastBank1Operation
    stm32f10x_flash.o(i.FLASH_EraseAllPages) refers to stm32f10x_flash.o(i.FLASH_WaitForLastOperation) for FLASH_WaitForLastOperation
    stm32f10x_flash.o(i.FLASH_EraseOptionBytes) refers to stm32f10x_flash.o(i.FLASH_GetReadOutProtectionStatus) for FLASH_GetReadOutProtectionStatus
    stm32f10x_flash.o(i.FLASH_EraseOptionBytes) refers to stm32f10x_flash.o(i.FLASH_WaitForLastOperation) for FLASH_WaitForLastOperation
    stm32f10x_flash.o(i.FLASH_ErasePage) refers to stm32f10x_flash.o(i.FLASH_WaitForLastOperation) for FLASH_WaitForLastOperation
    stm32f10x_flash.o(i.FLASH_ProgramHalfWord) refers to stm32f10x_flash.o(i.FLASH_WaitForLastOperation) for FLASH_WaitForLastOperation
    stm32f10x_flash.o(i.FLASH_ProgramOptionByteData) refers to stm32f10x_flash.o(i.FLASH_WaitForLastOperation) for FLASH_WaitForLastOperation
    stm32f10x_flash.o(i.FLASH_ProgramWord) refers to stm32f10x_flash.o(i.FLASH_WaitForLastOperation) for FLASH_WaitForLastOperation
    stm32f10x_flash.o(i.FLASH_ReadOutProtection) refers to stm32f10x_flash.o(i.FLASH_WaitForLastOperation) for FLASH_WaitForLastOperation
    stm32f10x_flash.o(i.FLASH_UserOptionByteConfig) refers to stm32f10x_flash.o(i.FLASH_WaitForLastOperation) for FLASH_WaitForLastOperation
    stm32f10x_flash.o(i.FLASH_WaitForLastBank1Operation) refers to stm32f10x_flash.o(i.FLASH_GetBank1Status) for FLASH_GetBank1Status
    stm32f10x_flash.o(i.FLASH_WaitForLastOperation) refers to stm32f10x_flash.o(i.FLASH_GetBank1Status) for FLASH_GetBank1Status
    stm32f10x_gpio.o(i.GPIO_AFIODeInit) refers to stm32f10x_rcc.o(i.RCC_APB2PeriphResetCmd) for RCC_APB2PeriphResetCmd
[...]
    Removing stm32f10x_spi.o(i.SPI_DataSizeConfig), (16 bytes).
    Removing stm32f10x_spi.o(i.SPI_GetCRC), (12 bytes).
    Removing stm32f10x_spi.o(i.SPI_GetCRCPolynomial), (4 bytes).
    Removing stm32f10x_spi.o(i.SPI_I2S_ClearFlag), (6 bytes).
    Removing stm32f10x_spi.o(i.SPI_I2S_ClearITPendingBit), (14 bytes).
    Removing stm32f10x_spi.o(i.SPI_I2S_DMACmd), (20 bytes).
    Removing stm32f10x_spi.o(i.SPI_I2S_DeInit), (100 bytes).
    Removing stm32f10x_spi.o(i.SPI_I2S_GetFlagStatus), (14 bytes).
    Removing stm32f10x_spi.o(i.SPI_I2S_GetITStatus), (44 bytes).
    Removing stm32f10x_spi.o(i.SPI_I2S_ITConfig), (28 bytes).
    Removing stm32f10x_spi.o(i.SPI_I2S_ReceiveData), (4 bytes).
    Removing stm32f10x_spi.o(i.SPI_I2S_SendData), (4 bytes).
    Removing stm32f10x_spi.o(i.SPI_Init), (56 bytes).
    Removing stm32f10x_spi.o(i.SPI_NSSInternalSoftwareConfig), (28 bytes).
    Removing stm32f10x_spi.o(i.SPI_SSOutputCmd), (24 bytes).
    Removing stm32f10x_spi.o(i.SPI_StructInit), (24 bytes).
    Removing stm32f10x_spi.o(i.SPI_TransmitCRC), (10 bytes).
    Removing stm32f10x_tim.o(i.TI1_Config), (116 bytes).
    Removing stm32f10x_tim.o(i.TI2_Config), (124 bytes).
    Removing stm32f10x_tim.o(i.TI3_Config), (120 bytes).
    Removing stm32f10x_tim.o(i.TI4_Config), (124 bytes).
    Removing stm32f10x_tim.o(i.TIM_ARRPreloadConfig), (24 bytes).
    Removing stm32f10x_tim.o(i.TIM_BDTRConfig), (34 bytes).
    Removing stm32f10x_tim.o(i.TIM_BDTRStructInit), (18 bytes).
    Removing stm32f10x_tim.o(i.TIM_CCPreloadControl), (24 bytes).
    Removing stm32f10x_tim.o(i.TIM_CCxCmd), (22 bytes).
    Removing stm32f10x_tim.o(i.TIM_CCxNCmd), (22 bytes).
    Removing stm32f10x_tim.o(i.TIM_ClearFlag), (6 bytes).
    Removing stm32f10x_tim.o(i.TIM_ClearOC1Ref), (12 bytes).
    Removing stm32f10x_tim.o(i.TIM_ClearOC2Ref), (20 bytes).
    Removing stm32f10x_tim.o(i.TIM_ClearOC3Ref), (12 bytes).
    Removing stm32f10x_tim.o(i.TIM_ClearOC4Ref), (20 bytes).
    Removing stm32f10x_tim.o(i.TIM_CounterModeConfig), (12 bytes).
    Removing stm32f10x_tim.o(i.TIM_CtrlPWMOutputs), (28 bytes).
    Removing stm32f10x_tim.o(i.TIM_DMACmd), (20 bytes).
    Removing stm32f10x_tim.o(i.TIM_DMAConfig), (8 bytes).
    Removing stm32f10x_tim.o(i.TIM_DeInit), (528 bytes).
    Removing stm32f10x_tim.o(i.TIM_ETRClockMode1Config), (32 bytes).
    Removing stm32f10x_tim.o(i.TIM_ETRClockMode2Config), (20 bytes).
    Removing stm32f10x_tim.o(i.TIM_ETRConfig), (24 bytes).
    Removing stm32f10x_tim.o(i.TIM_EncoderInterfaceConfig), (50 bytes).
    Removing stm32f10x_tim.o(i.TIM_ForcedOC1Config), (12 bytes).
    Removing stm32f10x_tim.o(i.TIM_ForcedOC2Config), (20 bytes).
    Removing stm32f10x_tim.o(i.TIM_ForcedOC3Config), (12 bytes).
    Removing stm32f10x_tim.o(i.TIM_ForcedOC4Config), (20 bytes).
    Removing stm32f10x_tim.o(i.TIM_GenerateEvent), (4 bytes).
    Removing stm32f10x_tim.o(i.TIM_GetCapture1), (4 bytes).
    Removing stm32f10x_tim.o(i.TIM_GetCapture2), (4 bytes).
    Removing stm32f10x_tim.o(i.TIM_GetCapture3), (4 bytes).
    Removing stm32f10x_tim.o(i.TIM_GetCapture4), (6 bytes).
    Removing stm32f10x_tim.o(i.TIM_GetCounter), (4 bytes).
    Removing stm32f10x_tim.o(i.TIM_GetFlagStatus), (14 bytes).
    Removing stm32f10x_tim.o(i.TIM_GetPrescaler), (4 bytes).
    Removing stm32f10x_tim.o(i.TIM_ICInit), (140 bytes).
    Removing stm32f10x_tim.o(i.TIM_ICStructInit), (16 bytes).
    Removing stm32f10x_tim.o(i.TIM_ITRxExternalClockConfig), (20 bytes).
    Removing stm32f10x_tim.o(i.TIM_InternalClockConfig), (10 bytes).
    Removing stm32f10x_tim.o(i.TIM_OC1FastConfig), (12 bytes).
    Removing stm32f10x_tim.o(i.TIM_OC1Init), (136 bytes).
    Removing stm32f10x_tim.o(i.TIM_OC1NPolarityConfig), (12 bytes).
    Removing stm32f10x_tim.o(i.TIM_OC1PolarityConfig), (12 bytes).
    Removing stm32f10x_tim.o(i.TIM_OC1PreloadConfig), (12 bytes).
    Removing stm32f10x_tim.o(i.TIM_OC2FastConfig), (20 bytes).
    Removing stm32f10x_tim.o(i.TIM_OC2Init), (136 bytes).
    Removing stm32f10x_tim.o(i.TIM_OC2NPolarityConfig), (20 bytes).
    Removing stm32f10x_tim.o(i.TIM_OC2PolarityConfig), (20 bytes).
    Removing stm32f10x_tim.o(i.TIM_OC2PreloadConfig), (20 bytes).
    Removing stm32f10x_tim.o(i.TIM_OC3FastConfig), (12 bytes).
    Removing stm32f10x_tim.o(i.TIM_OC3Init), (132 bytes).
    Removing stm32f10x_tim.o(i.TIM_OC3NPolarityConfig), (20 bytes).
    Removing stm32f10x_tim.o(i.TIM_OC3PolarityConfig), (20 bytes).
    Removing stm32f10x_tim.o(i.TIM_OC3PreloadConfig), (12 bytes).
    Removing stm32f10x_tim.o(i.TIM_OC4FastConfig), (20 bytes).
    Removing stm32f10x_tim.o(i.TIM_OC4Init), (104 bytes).
    Removing stm32f10x_tim.o(i.TIM_OC4PolarityConfig), (20 bytes).
    Removing stm32f10x_tim.o(i.TIM_OC4PreloadConfig), (20 bytes).
    Removing stm32f10x_tim.o(i.TIM_OCStructInit), (20 bytes).
    Removing stm32f10x_tim.o(i.TIM_PWMIConfig), (110 bytes).
    Removing stm32f10x_tim.o(i.TIM_PrescalerConfig), (6 bytes).
    Removing stm32f10x_tim.o(i.TIM_SelectCCDMA), (24 bytes).
    Removing stm32f10x_tim.o(i.TIM_SelectCOM), (24 bytes).
    Removing stm32f10x_tim.o(i.TIM_SelectHallSensor), (24 bytes).
    Removing stm32f10x_tim.o(i.TIM_SelectInputTrigger), (12 bytes).
    Removing stm32f10x_tim.o(i.TIM_SelectMasterSlaveMode), (16 bytes).
    Removing stm32f10x_tim.o(i.TIM_SelectOCxM), (76 bytes).
    Removing stm32f10x_tim.o(i.TIM_SelectOnePulseMode), (16 bytes).
    Removing stm32f10x_tim.o(i.TIM_SelectOutputTrigger), (16 bytes).
    Removing stm32f10x_tim.o(i.TIM_SelectSlaveMode), (16 bytes).
    Removing stm32f10x_tim.o(i.TIM_SetAutoreload), (4 bytes).
    Removing stm32f10x_tim.o(i.TIM_SetClockDivision), (16 bytes).
    Removing stm32f10x_tim.o(i.TIM_SetCompare1), (4 bytes).
    Removing stm32f10x_tim.o(i.TIM_SetCompare2), (4 bytes).
    Removing stm32f10x_tim.o(i.TIM_SetCompare3), (4 bytes).
    Removing stm32f10x_tim.o(i.TIM_SetCompare4), (6 bytes).
    Removing stm32f10x_tim.o(i.TIM_SetCounter), (4 bytes).
    Removing stm32f10x_tim.o(i.TIM_SetIC1Prescaler), (16 bytes).
    Removing stm32f10x_tim.o(i.TIM_SetIC2Prescaler), (24 bytes).
    Removing stm32f10x_tim.o(i.TIM_SetIC3Prescaler), (16 bytes).
    Removing stm32f10x_tim.o(i.TIM_SetIC4Prescaler), (24 bytes).
    Removing stm32f10x_tim.o(i.TIM_TIxExternalClockConfig), (48 bytes).
    Removing stm32f10x_tim.o(i.TIM_TimeBaseStructInit), (18 bytes).
    Removing stm32f10x_tim.o(i.TIM_UpdateDisableConfig), (24 bytes).
    Removing stm32f10x_tim.o(i.TIM_UpdateRequestConfig), (24 bytes).
    Removing stm32f10x_usart.o(i.USART_ClearFlag), (8 bytes).
    Removing stm32f10x_usart.o(i.USART_ClearITPendingBit), (16 bytes).
    Removing stm32f10x_usart.o(i.USART_ClockInit), (30 bytes).
    Removing stm32f10x_usart.o(i.USART_ClockStructInit), (12 bytes).
    Removing stm32f10x_usart.o(i.USART_Cmd), (24 bytes).
    Removing stm32f10x_usart.o(i.USART_DMACmd), (20 bytes).
    Removing stm32f10x_usart.o(i.USART_DeInit), (164 bytes).
    Removing stm32f10x_usart.o(i.USART_GetFlagStatus), (14 bytes).
    Removing stm32f10x_usart.o(i.USART_GetITStatus), (64 bytes).
    Removing stm32f10x_usart.o(i.USART_HalfDuplexCmd), (24 bytes).
    Removing stm32f10x_usart.o(i.USART_ITConfig), (54 bytes).
    Removing stm32f10x_usart.o(i.USART_Init), (188 bytes).
    Removing stm32f10x_usart.o(i.USART_IrDACmd), (24 bytes).
    Removing stm32f10x_usart.o(i.USART_IrDAConfig), (16 bytes).
    Removing stm32f10x_usart.o(i.USART_LINBreakDetectLengthConfig), (16 bytes).
    Removing stm32f10x_usart.o(i.USART_LINCmd), (24 bytes).
    Removing stm32f10x_usart.o(i.USART_OneBitMethodCmd), (24 bytes).
    Removing stm32f10x_usart.o(i.USART_OverSampling8Cmd), (24 bytes).
    Removing stm32f10x_usart.o(i.USART_ReceiveData), (8 bytes).
    Removing stm32f10x_usart.o(i.USART_ReceiverWakeUpCmd), (24 bytes).
    Removing stm32f10x_usart.o(i.USART_SendBreak), (10 bytes).
    Removing stm32f10x_usart.o(i.USART_SendData), (8 bytes).
    Removing stm32f10x_usart.o(i.USART_SetAddress), (16 bytes).
    Removing stm32f10x_usart.o(i.USART_SetGuardTime), (16 bytes).
    Removing stm32f10x_usart.o(i.USART_SetPrescaler), (16 bytes).
    Removing stm32f10x_usart.o(i.USART_SmartCardCmd), (24 bytes).
    Removing stm32f10x_usart.o(i.USART_SmartCardNACKCmd), (24 bytes).
    Removing stm32f10x_usart.o(i.USART_StructInit), (22 bytes).
    Removing stm32f10x_usart.o(i.USART_WakeUpConfig), (16 bytes).
    Removing stm32f10x_wwdg.o(i.WWDG_ClearFlag), (12 bytes).
    Removing stm32f10x_wwdg.o(i.WWDG_DeInit), (24 bytes).
    Removing stm32f10x_wwdg.o(i.WWDG_Enable), (16 bytes).
    Removing stm32f10x_wwdg.o(i.WWDG_EnableIT), (12 bytes).
    Removing stm32f10x_wwdg.o(i.WWDG_GetFlagStatus), (12 bytes).
    Removing stm32f10x_wwdg.o(i.WWDG_SetCounter), (16 bytes).
    Removing stm32f10x_wwdg.o(i.WWDG_SetPrescaler), (20 bytes).
    Removing stm32f10x_wwdg.o(i.WWDG_SetWindowValue), (32 bytes).
    Removing delay.o(i.Delay_s), (24 bytes).
    Removing timer.o(i.Timer_GetCounter), (8 bytes).
    Removing timer.o(i.Timer_Init), (164 bytes).
    Removing buzzer.o(i.Buzzer_Init), (56 bytes).
    Removing buzzer.o(i.Buzzer_Turn), (44 bytes).
    Removing oled.o(i.OLED_ShowBinNum), (58 bytes).
    Removing oled.o(i.OLED_ShowHexNum), (80 bytes).
    Removing oled.o(i.OLED_ShowSignedNum), (98 bytes).
    Removing pwm.o(i.PWM_Init), (140 bytes).
    Removing pwm.o(i.PWM_SetCompare1), (10 bytes).

457 unused section(s) (total 16034 bytes) removed from the image.

==============================================================================

Image Symbol Table

    Local Symbols

    Symbol Name                              Value     Ov Type        Size  Object(Section)

    ../clib/angel/boardlib.s                 0x00000000   Number         0  boardshut.o ABSOLUTE
    ../clib/angel/boardlib.s                 0x00000000   Number         0  boardinit3.o ABSOLUTE
    ../clib/angel/boardlib.s                 0x00000000   Number         0  boardinit2.o ABSOLUTE
    ../clib/angel/boardlib.s                 0x00000000   Number         0  boardinit1.o ABSOLUTE
    ../clib/angel/handlers.s                 0x00000000   Number         0  __scatter_zi.o ABSOLUTE
    ../clib/angel/handlers.s                 0x00000000   Number         0  __scatter_copy.o ABSOLUTE
    ../clib/angel/kernel.s                   0x00000000   Number         0  __rtentry4.o ABSOLUTE
    ../clib/angel/kernel.s                   0x00000000   Number         0  __rtentry2.o ABSOLUTE
    ../clib/angel/kernel.s                   0x00000000   Number         0  __rtentry.o ABSOLUTE
    ../clib/angel/kernel.s                   0x00000000   Number         0  rtexit.o ABSOLUTE
    ../clib/angel/kernel.s                   0x00000000   Number         0  rtexit2.o ABSOLUTE
    ../clib/angel/rt.s                       0x00000000   Number         0  rt_raise.o ABSOLUTE
    ../clib/angel/scatter.s                  0x00000000   Number         0  __scatter.o ABSOLUTE
    ../clib/angel/startup.s                  0x00000000   Number         0  __main.o ABSOLUTE
    ../clib/angel/sys.s                      0x00000000   Number         0  sys_stackheap_outer.o ABSOLUTE
    ../clib/angel/sys.s                      0x00000000   Number         0  indicate_semi.o ABSOLUTE
    ../clib/angel/sys.s                      0x00000000   Number         0  libspace.o ABSOLUTE
    ../clib/angel/sys.s                      0x00000000   Number         0  use_no_semi.o ABSOLUTE
    ../clib/angel/sysapp.c                   0x00000000   Number         0  sys_command.o ABSOLUTE
    ../clib/angel/sysapp.c                   0x00000000   Number         0  sys_exit.o ABSOLUTE
    ../clib/angel/sysapp.c                   0x00000000   Number         0  sys_wrch.o ABSOLUTE
    ../clib/armsys.c                         0x00000000   Number         0  _get_argv_nomalloc.o ABSOLUTE
    ../clib/armsys.c                         0x00000000   Number         0  argv_veneer.o ABSOLUTE
    ../clib/armsys.c                         0x00000000   Number         0  no_argv.o ABSOLUTE
    ../clib/armsys.c                         0x00000000   Number         0  argv_veneer.o ABSOLUTE
    ../clib/heapalloc.c                      0x00000000   Number         0  hrguard.o ABSOLUTE
    ../clib/heapaux.c                        0x00000000   Number         0  heapauxi.o ABSOLUTE
    ../clib/libinit.s                        0x00000000   Number         0  libshutdown.o ABSOLUTE
    ../clib/libinit.s                        0x00000000   Number         0  libshutdown2.o ABSOLUTE
    ../clib/libinit.s                        0x00000000   Number         0  libinit.o ABSOLUTE
    ../clib/libinit.s                        0x00000000   Number         0  libinit2.o ABSOLUTE
    ../clib/memcpset.s                       0x00000000   Number         0  rt_memcpy_w.o ABSOLUTE
    ../clib/memcpset.s                       0x00000000   Number         0  rt_memclr_w.o ABSOLUTE
    ../clib/signal.c                         0x00000000   Number         0  __raise.o ABSOLUTE
    ../clib/signal.c                         0x00000000   Number         0  defsig_abrt_inner.o ABSOLUTE
    ../clib/signal.c                         0x00000000   Number         0  defsig_fpe_inner.o ABSOLUTE
    ../clib/signal.c                         0x00000000   Number         0  defsig_rtmem_formal.o ABSOLUTE
    ../clib/signal.c                         0x00000000   Number         0  defsig_stak_inner.o ABSOLUTE
    ../clib/signal.c                         0x00000000   Number         0  defsig_pvfn_inner.o ABSOLUTE
    ../clib/signal.c                         0x00000000   Number         0  defsig_cppl_inner.o ABSOLUTE
    ../clib/signal.c                         0x00000000   Number         0  defsig_segv_inner.o ABSOLUTE
    ../clib/signal.c                         0x00000000   Number         0  defsig_other.o ABSOLUTE
    ../clib/signal.c                         0x00000000   Number         0  defsig_rtred_inner.o ABSOLUTE
    ../clib/signal.c                         0x00000000   Number         0  defsig_general.o ABSOLUTE
    ../clib/signal.c                         0x00000000   Number         0  defsig_rtmem_outer.o ABSOLUTE
    ../clib/signal.c                         0x00000000   Number         0  defsig_exit.o ABSOLUTE
    ../clib/signal.c                         0x00000000   Number         0  defsig_rtmem_inner.o ABSOLUTE
    ../clib/signal.s                         0x00000000   Number         0  defsig.o ABSOLUTE
    ../clib/stdlib.c                         0x00000000   Number         0  exit.o ABSOLUTE
    ../clib/time.c                           0x00000000   Number         0  localtime.o ABSOLUTE
    ../clib/time.c                           0x00000000   Number         0  mktime.o ABSOLUTE
    ../clib/time.c                           0x00000000   Number         0  _monlen.o ABSOLUTE
    ../clib/time.c                           0x00000000   Number         0  localtime_internal.o ABSOLUTE
    ../fplib/ddiv.s                          0x00000000   Number         0  ddiv.o ABSOLUTE
    ../fplib/dfixu.s                         0x00000000   Number         0  dfixu.o ABSOLUTE
    ../fplib/dflt.s                          0x00000000   Number         0  dflt_clz.o ABSOLUTE
    ../fplib/dmul.s                          0x00000000   Number         0  dmul.o ABSOLUTE
    ../fplib/dnaninf.s                       0x00000000   Number         0  dnaninf.o ABSOLUTE
    ../fplib/dretinf.s                       0x00000000   Number         0  dretinf.o ABSOLUTE
    ../fplib/faddsub.s                       0x00000000   Number         0  faddsub_clz.o ABSOLUTE
    ../fplib/fcheck1.s                       0x00000000   Number         0  fcheck1.o ABSOLUTE
    ../fplib/fcmpi.s                         0x00000000   Number         0  fcmpi.o ABSOLUTE
    ../fplib/fflt.s                          0x00000000   Number         0  fflt_clz.o ABSOLUTE
    ../fplib/fleqf.s                         0x00000000   Number         0  fleqf.o ABSOLUTE
    ../fplib/fnaninf.s                       0x00000000   Number         0  fnaninf.o ABSOLUTE
    ../fplib/fpinit.s                        0x00000000   Number         0  fpinit.o ABSOLUTE
    ../fplib/fretinf.s                       0x00000000   Number         0  fretinf.o ABSOLUTE
    ../fplib/frleqf.s                        0x00000000   Number         0  frleqf.o ABSOLUTE
    ../fplib/retnan.s                        0x00000000   Number         0  retnan.o ABSOLUTE
    ../fplib/scalbnf.s                       0x00000000   Number         0  scalbnf.o ABSOLUTE
    ../fplib/trapv.s                         0x00000000   Number         0  trapv.o ABSOLUTE
    ../fplib/usenofp.s                       0x00000000   Number         0  usenofp.o ABSOLUTE
    Hardware\Buzzer.c                        0x00000000   Number         0  buzzer.o ABSOLUTE
    Hardware\Key.c                           0x00000000   Number         0  key.o ABSOLUTE
    Hardware\OLED.c                          0x00000000   Number         0  oled.o ABSOLUTE
    Hardware\PWM.c                           0x00000000   Number         0  pwm.o ABSOLUTE
    Hardware\Rtc_Clock.c                     0x00000000   Number         0  rtc_clock.o ABSOLUTE
    Hardware\Stepper_motors.c                0x00000000   Number         0  stepper_motors.o ABSOLUTE
    Hardware\TIM.c                           0x00000000   Number         0  tim.o ABSOLUTE
    Libary\misc.c                            0x00000000   Number         0  misc.o ABSOLUTE
    Libary\stm32f10x_adc.c                   0x00000000   Number         0  stm32f10x_adc.o ABSOLUTE
    Libary\stm32f10x_bkp.c                   0x00000000   Number         0  stm32f10x_bkp.o ABSOLUTE
    Libary\stm32f10x_can.c                   0x00000000   Number         0  stm32f10x_can.o ABSOLUTE
    Libary\stm32f10x_cec.c                   0x00000000   Number         0  stm32f10x_cec.o ABSOLUTE
    Libary\stm32f10x_crc.c                   0x00000000   Number         0  stm32f10x_crc.o ABSOLUTE
    Libary\stm32f10x_dac.c                   0x00000000   Number         0  stm32f10x_dac.o ABSOLUTE
    Libary\stm32f10x_dbgmcu.c                0x00000000   Number         0  stm32f10x_dbgmcu.o ABSOLUTE
    Libary\stm32f10x_dma.c                   0x00000000   Number         0  stm32f10x_dma.o ABSOLUTE
    Libary\stm32f10x_exti.c                  0x00000000   Number         0  stm32f10x_exti.o ABSOLUTE
    Libary\stm32f10x_flash.c                 0x00000000   Number         0  stm32f10x_flash.o ABSOLUTE
    Libary\stm32f10x_fsmc.c                  0x00000000   Number         0  stm32f10x_fsmc.o ABSOLUTE
    Libary\stm32f10x_gpio.c                  0x00000000   Number         0  stm32f10x_gpio.o ABSOLUTE
    Libary\stm32f10x_i2c.c                   0x00000000   Number         0  stm32f10x_i2c.o ABSOLUTE
    Libary\stm32f10x_iwdg.c                  0x00000000   Number         0  stm32f10x_iwdg.o ABSOLUTE
    Libary\stm32f10x_pwr.c                   0x00000000   Number         0  stm32f10x_pwr.o ABSOLUTE
    Libary\stm32f10x_rcc.c                   0x00000000   Number         0  stm32f10x_rcc.o ABSOLUTE
    Libary\stm32f10x_rtc.c                   0x00000000   Number         0  stm32f10x_rtc.o ABSOLUTE
    Libary\stm32f10x_sdio.c                  0x00000000   Number         0  stm32f10x_sdio.o ABSOLUTE
    Libary\stm32f10x_spi.c                   0x00000000   Number         0  stm32f10x_spi.o ABSOLUTE
    Libary\stm32f10x_tim.c                   0x00000000   Number         0  stm32f10x_tim.o ABSOLUTE
    Libary\stm32f10x_usart.c                 0x00000000   Number         0  stm32f10x_usart.o ABSOLUTE
    Libary\stm32f10x_wwdg.c                  0x00000000   Number         0  stm32f10x_wwdg.o ABSOLUTE
    Start\\core_cm3.c                        0x00000000   Number         0  core_cm3.o ABSOLUTE
    Start\core_cm3.c                         0x00000000   Number         0  core_cm3.o ABSOLUTE
    Start\startup_stm32f10x_md.s             0x00000000   Number         0  startup_stm32f10x_md.o ABSOLUTE
    Start\system_stm32f10x.c                 0x00000000   Number         0  system_stm32f10x.o ABSOLUTE
    System\Delay.c                           0x00000000   Number         0  delay.o ABSOLUTE
    System\Timer.c                           0x00000000   Number         0  timer.o ABSOLUTE
    User\main.c                              0x00000000   Number         0  main.o ABSOLUTE
    User\stm32f10x_it.c                      0x00000000   Number         0  stm32f10x_it.o ABSOLUTE
    dc.s                                     0x00000000   Number         0  dc.o ABSOLUTE
    RESET                                    0x08000000   Section      236  startup_stm32f10x_md.o(RESET)
    !!!main                                  0x080000ec   Section        8  __main.o(!!!main)
    !!!scatter                               0x080000f4   Section       52  __scatter.o(!!!scatter)
    !!handler_copy                           0x08000128   Section       26  __scatter_copy.o(!!handler_copy)
    !!handler_zi                             0x08000144   Section       28  __scatter_zi.o(!!handler_zi)
    .ARM.Collect$$libinit$$00000000          0x08000160   Section        2  libinit.o(.ARM.Collect$$libinit$$00000000)
    .ARM.Collect$$libinit$$00000002          0x08000162   Section        0  libinit2.o(.ARM.Collect$$libinit$$00000002)
    .ARM.Collect$$libinit$$00000004          0x08000162   Section        0  libinit2.o(.ARM.Collect$$libinit$$00000004)
    .ARM.Collect$$libinit$$0000000A          0x08000162   Section        0  libinit2.o(.ARM.Collect$$libinit$$0000000A)
    .ARM.Collect$$libinit$$0000000C          0x08000162   Section        0  libinit2.o(.ARM.Collect$$libinit$$0000000C)
    .ARM.Collect$$libinit$$0000000E          0x08000162   Section        0  libinit2.o(.ARM.Collect$$libinit$$0000000E)
    .ARM.Collect$$libinit$$00000011          0x08000162   Section        0  libinit2.o(.ARM.Collect$$libinit$$00000011)
    .ARM.Collect$$libinit$$00000013          0x08000162   Section        0  libinit2.o(.ARM.Collect$$libinit$$00000013)
    .ARM.Collect$$libinit$$00000015          0x08000162   Section        0  libinit2.o(.ARM.Collect$$libinit$$00000015)
    .ARM.Collect$$libinit$$00000017          0x08000162   Section        0  libinit2.o(.ARM.Collect$$libinit$$00000017)
    .ARM.Collect$$libinit$$00000019          0x08000162   Section        0  libinit2.o(.ARM.Collect$$libinit$$00000019)
    .ARM.Collect$$libinit$$0000001B          0x08000162   Section        0  libinit2.o(.ARM.Collect$$libinit$$0000001B)
    .ARM.Collect$$libinit$$0000001D          0x08000162   Section        0  libinit2.o(.ARM.Collect$$libinit$$0000001D)
    .ARM.Collect$$libinit$$0000001F          0x08000162   Section        0  libinit2.o(.ARM.Collect$$libinit$$0000001F)
    .ARM.Collect$$libinit$$00000021          0x08000162   Section        0  libinit2.o(.ARM.Collect$$libinit$$00000021)
    .ARM.Collect$$libinit$$00000023          0x08000162   Section        0  libinit2.o(.ARM.Collect$$libinit$$00000023)
    .ARM.Collect$$libinit$$00000025          0x08000162   Section        0  libinit2.o(.ARM.Collect$$libinit$$00000025)
    .ARM.Collect$$libinit$$0000002C          0x08000162   Section        0  libinit2.o(.ARM.Collect$$libinit$$0000002C)
    .ARM.Collect$$libinit$$0000002E          0x08000162   Section        0  libinit2.o(.ARM.Collect$$libinit$$0000002E)
    .ARM.Collect$$libinit$$00000030          0x08000162   Section        0  libinit2.o(.ARM.Collect$$libinit$$00000030)
    .ARM.Collect$$libinit$$00000032          0x08000162   Section        0  libinit2.o(.ARM.Collect$$libinit$$00000032)
    .ARM.Collect$$libinit$$00000033          0x08000162   Section        2  libinit2.o(.ARM.Collect$$libinit$$00000033)
    .ARM.Collect$$libshutdown$$00000000      0x08000164   Section        2  libshutdown.o(.ARM.Collect$$libshutdown$$00000000)
    .ARM.Collect$$libshutdown$$00000002      0x08000166   Section        0  libshutdown2.o(.ARM.Collect$$libshutdown$$00000002)
    .ARM.Collect$$libshutdown$$00000004      0x08000166   Section        0  libshutdown2.o(.ARM.Collect$$libshutdown$$00000004)
    .ARM.Collect$$libshutdown$$00000006      0x08000166   Section        0  libshutdown2.o(.ARM.Collect$$libshutdown$$00000006)
    .ARM.Collect$$libshutdown$$00000009      0x08000166   Section        0  libshutdown2.o(.ARM.Collect$$libshutdown$$00000009)
    .ARM.Collect$$libshutdown$$0000000C      0x08000166   Section        0  libshutdown2.o(.ARM.Collect$$libshutdown$$0000000C)
    .ARM.Collect$$libshutdown$$0000000E      0x08000166   Section        0  libshutdown2.o(.ARM.Collect$$libshutdown$$0000000E)
    .ARM.Collect$$libshutdown$$00000011      0x08000166   Section        0  libshutdown2.o(.ARM.Collect$$libshutdown$$00000011)
    .ARM.Collect$$libshutdown$$00000012      0x08000166   Section        2  libshutdown2.o(.ARM.Collect$$libshutdown$$00000012)
    .ARM.Collect$$rtentry$$00000000          0x08000168   Section        0  __rtentry.o(.ARM.Collect$$rtentry$$00000000)
    .ARM.Collect$$rtentry$$00000002          0x08000168   Section        0  __rtentry2.o(.ARM.Collect$$rtentry$$00000002)
    .ARM.Collect$$rtentry$$00000004          0x08000168   Section        6  __rtentry4.o(.ARM.Collect$$rtentry$$00000004)
    .ARM.Collect$$rtentry$$00000009          0x0800016e   Section        0  __rtentry2.o(.ARM.Collect$$rtentry$$00000009)
    .ARM.Collect$$rtentry$$0000000A          0x0800016e   Section        4  __rtentry2.o(.ARM.Collect$$rtentry$$0000000A)
    .ARM.Collect$$rtentry$$0000000C          0x08000172   Section        0  __rtentry2.o(.ARM.Collect$$rtentry$$0000000C)
    .ARM.Collect$$rtentry$$0000000D          0x08000172   Section        8  __rtentry2.o(.ARM.Collect$$rtentry$$0000000D)
    .ARM.Collect$$rtexit$$00000000           0x0800017a   Section        2  rtexit.o(.ARM.Collect$$rtexit$$00000000)
    .ARM.Collect$$rtexit$$00000002           0x0800017c   Section        0  rtexit2.o(.ARM.Collect$$rtexit$$00000002)
    .ARM.Collect$$rtexit$$00000003           0x0800017c   Section        4  rtexit2.o(.ARM.Collect$$rtexit$$00000003)
    .ARM.Collect$$rtexit$$00000004           0x08000180   Section        6  rtexit2.o(.ARM.Collect$$rtexit$$00000004)
    .text                                    0x08000188   Section       64  startup_stm32f10x_md.o(.text)
    .text                                    0x080001c8   Section      100  rt_memcpy_w.o(.text)
    .text                                    0x0800022c   Section        0  localtime.o(.text)
    .text                                    0x08000238   Section        0  mktime.o(.text)
    _tm_carry                                0x08000239   Thumb Code    62  mktime.o(.text)
    .text                                    0x080003e4   Section        0  heapauxi.o(.text)
    .text                                    0x080003ec   Section        0  localtime_internal.o(.text)
    .text                                    0x080004a4   Section       78  rt_memclr_w.o(.text)
    .text                                    0x080004f2   Section       74  sys_stackheap_outer.o(.text)
    .text                                    0x0800053c   Section        0  exit.o(.text)
    .text                                    0x08000550   Section        8  libspace.o(.text)
    .text                                    0x08000558   Section        0  sys_exit.o(.text)
    .text                                    0x08000564   Section        2  use_no_semi.o(.text)
    .text                                    0x08000566   Section        0  indicate_semi.o(.text)
    i.Alarm_Clock                            0x08000568   Section        0  key.o(i.Alarm_Clock)
    i.Alarm_Ring                             0x08000690   Section        0  key.o(i.Alarm_Ring)
    i.BKP_ReadBackupRegister                 0x080006f4   Section        0  stm32f10x_bkp.o(i.BKP_ReadBackupRegister)
    i.BKP_WriteBackupRegister                0x08000708   Section        0  stm32f10x_bkp.o(i.BKP_WriteBackupRegister)
    i.BusFault_Handler                       0x0800071c   Section        0  stm32f10x_it.o(i.BusFault_Handler)
    i.Buzzer_OFF                             0x08000720   Section        0  buzzer.o(i.Buzzer_OFF)
    i.Buzzer_ON                              0x0800072c   Section        0  buzzer.o(i.Buzzer_ON)
    i.DebugMon_Handler                       0x08000738   Section        0  stm32f10x_it.o(i.DebugMon_Handler)
    i.Delay_ms                               0x0800073a   Section        0  delay.o(i.Delay_ms)
    i.Delay_us                               0x08000752   Section        0  delay.o(i.Delay_us)
    i.GPIO_Init                              0x08000772   Section        0  stm32f10x_gpio.o(i.GPIO_Init)
    i.GPIO_PinRemapConfig                    0x08000818   Section        0  stm32f10x_gpio.o(i.GPIO_PinRemapConfig)
    i.GPIO_ReadInputDataBit                  0x08000874   Section        0  stm32f10x_gpio.o(i.GPIO_ReadInputDataBit)
    i.GPIO_ResetBits                         0x08000882   Section        0  stm32f10x_gpio.o(i.GPIO_ResetBits)
    i.GPIO_SetBits                           0x08000886   Section        0  stm32f10x_gpio.o(i.GPIO_SetBits)
    i.GPIO_WriteBit                          0x0800088a   Section        0  stm32f10x_gpio.o(i.GPIO_WriteBit)
    i.HardFault_Handler                      0x08000896   Section        0  stm32f10x_it.o(i.HardFault_Handler)
    i.Key_GetNum                             0x08000898   Section        0  key.o(i.Key_GetNum)
    i.Key_Init                               0x080009e8   Section        0  key.o(i.Key_Init)
    i.MOTOR_Angle_Hour                       0x08000a50   Section        0  stepper_motors.o(i.MOTOR_Angle_Hour)
    i.MOTOR_Angle_Min                        0x08000a98   Section        0  stepper_motors.o(i.MOTOR_Angle_Min)
    i.MemManage_Handler                      0x08000ae0   Section        0  stm32f10x_it.o(i.MemManage_Handler)
    i.Motor_Init                             0x08000ae4   Section        0  stepper_motors.o(i.Motor_Init)
    i.MyRTC_Init                             0x08000b1c   Section        0  rtc_clock.o(i.MyRTC_Init)
    i.MyRTC_ReadTime                         0x08000b90   Section        0  rtc_clock.o(i.MyRTC_ReadTime)
    i.MyRTC_SetTime                          0x08000bdc   Section        0  rtc_clock.o(i.MyRTC_SetTime)
    i.NMI_Handler                            0x08000c28   Section        0  stm32f10x_it.o(i.NMI_Handler)
    i.NVIC_Init                              0x08000c2c   Section        0  misc.o(i.NVIC_Init)
    i.OLED_Clear                             0x08000c90   Section        0  oled.o(i.OLED_Clear)
    i.OLED_I2C_Init                          0x08000cb8   Section        0  oled.o(i.OLED_I2C_Init)
    i.OLED_I2C_SendByte                      0x08000d08   Section        0  oled.o(i.OLED_I2C_SendByte)
    i.OLED_I2C_Start                         0x08000d64   Section        0  oled.o(i.OLED_I2C_Start)
    i.OLED_I2C_Stop                          0x08000d9c   Section        0  oled.o(i.OLED_I2C_Stop)
    i.OLED_Init                              0x08000dcc   Section        0  oled.o(i.OLED_Init)
    i.OLED_Pow                               0x08000e78   Section        0  oled.o(i.OLED_Pow)
    i.OLED_SetCursor                         0x08000e88   Section        0  oled.o(i.OLED_SetCursor)
    i.OLED_ShowChar                          0x08000eac   Section        0  oled.o(i.OLED_ShowChar)
    i.OLED_ShowNum                           0x08000f04   Section        0  oled.o(i.OLED_ShowNum)
    i.OLED_ShowString                        0x08000f44   Section        0  oled.o(i.OLED_ShowString)
    i.OLED_WriteCommand                      0x08000f6a   Section        0  oled.o(i.OLED_WriteCommand)
    i.OLED_WriteData                         0x08000f8c   Section        0  oled.o(i.OLED_WriteData)
    i.PWR_BackupAccessCmd                    0x08000fb0   Section        0  stm32f10x_pwr.o(i.PWR_BackupAccessCmd)
    i.PendSV_Handler                         0x08000fbc   Section        0  stm32f10x_it.o(i.PendSV_Handler)
    i.RCC_APB1PeriphClockCmd                 0x08000fc0   Section        0  stm32f10x_rcc.o(i.RCC_APB1PeriphClockCmd)
    i.RCC_APB2PeriphClockCmd                 0x08000fdc   Section        0  stm32f10x_rcc.o(i.RCC_APB2PeriphClockCmd)
    i.RCC_GetFlagStatus                      0x08000ff8   Section        0  stm32f10x_rcc.o(i.RCC_GetFlagStatus)
    i.RCC_LSEConfig                          0x08001028   Section        0  stm32f10x_rcc.o(i.RCC_LSEConfig)
    i.RCC_RTCCLKCmd                          0x08001050   Section        0  stm32f10x_rcc.o(i.RCC_RTCCLKCmd)
    i.RCC_RTCCLKConfig                       0x0800105c   Section        0  stm32f10x_rcc.o(i.RCC_RTCCLKConfig)
    i.RTC_EnterConfigMode                    0x0800106c   Section        0  stm32f10x_rtc.o(i.RTC_EnterConfigMode)
    i.RTC_ExitConfigMode                     0x0800107c   Section        0  stm32f10x_rtc.o(i.RTC_ExitConfigMode)
    i.RTC_GetCounter                         0x0800108c   Section        0  stm32f10x_rtc.o(i.RTC_GetCounter)
    i.RTC_GetDivider                         0x080010a0   Section        0  stm32f10x_rtc.o(i.RTC_GetDivider)
    i.RTC_SetCounter                         0x080010b8   Section        0  stm32f10x_rtc.o(i.RTC_SetCounter)
    i.RTC_SetPrescaler                       0x080010d8   Section        0  stm32f10x_rtc.o(i.RTC_SetPrescaler)
    i.RTC_WaitForLastTask                    0x080010f8   Section        0  stm32f10x_rtc.o(i.RTC_WaitForLastTask)
    i.RTC_WaitForSynchro                     0x08001108   Section        0  stm32f10x_rtc.o(i.RTC_WaitForSynchro)
    i.Reduce_Num                             0x08001120   Section        0  key.o(i.Reduce_Num)
    i.SVC_Handler                            0x08001258   Section        0  stm32f10x_it.o(i.SVC_Handler)
    i.SetSysClock                            0x0800125a   Section        0  system_stm32f10x.o(i.SetSysClock)
    SetSysClock                              0x0800125b   Thumb Code     4  system_stm32f10x.o(i.SetSysClock)
    i.SetSysClockTo72                        0x08001260   Section        0  system_stm32f10x.o(i.SetSysClockTo72)
    SetSysClockTo72                          0x08001261   Thumb Code   166  system_stm32f10x.o(i.SetSysClockTo72)
    i.StepMotor_Hour                         0x08001310   Section        0  stepper_motors.o(i.StepMotor_Hour)
    i.StepMotor_Min                          0x08001450   Section        0  stepper_motors.o(i.StepMotor_Min)
    i.StepMotor_Run_Hour                     0x080015a8   Section        0  stepper_motors.o(i.StepMotor_Run_Hour)
    i.StepMotor_Run_Min                      0x080016e4   Section        0  stepper_motors.o(i.StepMotor_Run_Min)
    i.Switch_Change_Mode                     0x08001824   Section        0  key.o(i.Switch_Change_Mode)
    i.SysTick_Handler                        0x08001880   Section        0  stm32f10x_it.o(i.SysTick_Handler)
    i.SystemInit                             0x08001884   Section        0  system_stm32f10x.o(i.SystemInit)
    i.TIM2_IRQHandler                        0x080018d4   Section        0  main.o(i.TIM2_IRQHandler)
    i.TIM2_Init                              0x0800191c   Section        0  tim.o(i.TIM2_Init)
    i.TIM_ClearITPendingBit                  0x08001976   Section        0  stm32f10x_tim.o(i.TIM_ClearITPendingBit)
    i.TIM_Cmd                                0x0800197c   Section        0  stm32f10x_tim.o(i.TIM_Cmd)
    i.TIM_GetITStatus                        0x08001994   Section        0  stm32f10x_tim.o(i.TIM_GetITStatus)
    i.TIM_ITConfig                           0x080019ac   Section        0  stm32f10x_tim.o(i.TIM_ITConfig)
    i.TIM_TimeBaseInit                       0x080019c0   Section        0  stm32f10x_tim.o(i.TIM_TimeBaseInit)
    i.UsageFault_Handler                     0x08001a5c   Section        0  stm32f10x_it.o(i.UsageFault_Handler)
    i.main                                   0x08001a60   Section        0  main.o(i.main)
    x$fpl$ddiv                               0x08001e0c   Section      688  ddiv.o(x$fpl$ddiv)
    ddiv_entry                               0x08001e13   Thumb Code     0  ddiv.o(x$fpl$ddiv)
    x$fpl$dfixu                              0x080020bc   Section       90  dfixu.o(x$fpl$dfixu)
    x$fpl$dfltu                              0x08002116   Section       38  dflt_clz.o(x$fpl$dfltu)
    x$fpl$dmul                               0x0800213c   Section      340  dmul.o(x$fpl$dmul)
    x$fpl$dnaninf                            0x08002290   Section      156  dnaninf.o(x$fpl$dnaninf)
    x$fpl$dretinf                            0x0800232c   Section       12  dretinf.o(x$fpl$dretinf)
    x$fpl$fadd                               0x08002338   Section      196  faddsub_clz.o(x$fpl$fadd)
    _fadd1                                   0x08002347   Thumb Code     0  faddsub_clz.o(x$fpl$fadd)
    x$fpl$fcheck1                            0x080023fc   Section       12  fcheck1.o(x$fpl$fcheck1)
    x$fpl$fcmpinf                            0x08002408   Section       24  fcmpi.o(x$fpl$fcmpinf)
    x$fpl$fflt                               0x08002420   Section       48  fflt_clz.o(x$fpl$fflt)
    x$fpl$fleqf                              0x08002450   Section      104  fleqf.o(x$fpl$fleqf)
    x$fpl$fnaninf                            0x080024b8   Section      140  fnaninf.o(x$fpl$fnaninf)
    x$fpl$fretinf                            0x08002544   Section       10  fretinf.o(x$fpl$fretinf)
    x$fpl$frleqf                             0x0800254e   Section       98  frleqf.o(x$fpl$frleqf)
    x$fpl$fsub                               0x080025b0   Section      234  faddsub_clz.o(x$fpl$fsub)
    _fsub1                                   0x080025bf   Thumb Code     0  faddsub_clz.o(x$fpl$fsub)
    x$fpl$retnan                             0x0800269a   Section      100  retnan.o(x$fpl$retnan)
    x$fpl$scalbnf                            0x080026fe   Section       76  scalbnf.o(x$fpl$scalbnf)
    x$fpl$trapveneer                         0x0800274a   Section       48  trapv.o(x$fpl$trapveneer)
    .constdata                               0x0800277a   Section     1520  oled.o(.constdata)
    x$fpl$usenofp                            0x0800277a   Section        0  usenofp.o(x$fpl$usenofp)
    .constdata                               0x08002d6a   Section       12  _monlen.o(.constdata)
    .data                                    0x20000000   Section        3  key.o(.data)
    lock                                     0x20000002   Data           1  key.o(.data)
    .data                                    0x20000004   Section       12  rtc_clock.o(.data)
    .data                                    0x20000010   Section       12  stepper_motors.o(.data)
    Sec_count                                0x20000010   Data           4  stepper_motors.o(.data)
    Min_count                                0x20000014   Data           4  stepper_motors.o(.data)
    Min_step                                 0x20000018   Data           4  stepper_motors.o(.data)
    .data                                    0x2000001c   Section       12  main.o(.data)
    Sec_count                                0x20000020   Data           4  main.o(.data)
    Min_Move                                 0x20000024   Data           4  main.o(.data)
    .bss                                     0x20000028   Section       12  key.o(.bss)
    .bss                                     0x20000034   Section       44  localtime.o(.bss)
    _tms                                     0x20000034   Data          44  localtime.o(.bss)
    .bss                                     0x20000060   Section       96  libspace.o(.bss)
    HEAP                                     0x200000c0   Section      512  startup_stm32f10x_md.o(HEAP)
    Heap_Mem                                 0x200000c0   Data         512  startup_stm32f10x_md.o(HEAP)
    STACK                                    0x200002c0   Section     1024  startup_stm32f10x_md.o(STACK)
    Stack_Mem                                0x200002c0   Data        1024  startup_stm32f10x_md.o(STACK)
    __initial_sp                             0x200006c0   Data           0  startup_stm32f10x_md.o(STACK)

    Global Symbols

    Symbol Name                              Value     Ov Type        Size  Object(Section)

    BuildAttributes$$THM_ISAv4$P$D$K$B$S$PE$A:L22UL41UL21$X:L11$S22US41US21$IEEE1$IW$USESV6$~STKCKD$USESV7$~SHL$OSPACE$ROPI$EBA8$UX$STANDARDLIB$REQ8$PRES8$EABIv2 0x00000000   Number         0  anon$$obj.o ABSOLUTE
    __ARM_use_no_argv                        0x00000000   Number         0  main.o ABSOLUTE
    __ARM_exceptions_init                     - Undefined Weak Reference
    __alloca_initialize                       - Undefined Weak Reference
    __arm_fini_                               - Undefined Weak Reference
    __arm_preinit_                            - Undefined Weak Reference
    __cpp_initialize__aeabi_                  - Undefined Weak Reference
    __cxa_finalize                            - Undefined Weak Reference
    __rt_locale                               - Undefined Weak Reference
    __sigvec_lookup                           - Undefined Weak Reference
    _atexit_init                              - Undefined Weak Reference
    _call_atexit_fns                          - Undefined Weak Reference
    _clock_init                               - Undefined Weak Reference
    _fp_trap_init                             - Undefined Weak Reference
    _fp_trap_shutdown                         - Undefined Weak Reference
    _get_lc_collate                           - Undefined Weak Reference
    _get_lc_ctype                             - Undefined Weak Reference
    _get_lc_monetary                          - Undefined Weak Reference
    _get_lc_numeric                           - Undefined Weak Reference
    _get_lc_time                              - Undefined Weak Reference
    _getenv_init                              - Undefined Weak Reference
    _handle_redirection                       - Undefined Weak Reference
    _init_alloc                               - Undefined Weak Reference
    _init_user_alloc                          - Undefined Weak Reference
    _initio                                   - Undefined Weak Reference
    _rand_init                                - Undefined Weak Reference
    _signal_finish                            - Undefined Weak Reference
    _signal_init                              - Undefined Weak Reference
    _terminate_alloc                          - Undefined Weak Reference
    _terminate_user_alloc                     - Undefined Weak Reference
    _terminateio                              - Undefined Weak Reference
    __Vectors_Size                           0x000000ec   Number         0  startup_stm32f10x_md.o ABSOLUTE
    __Vectors                                0x08000000   Data           4  startup_stm32f10x_md.o(RESET)
    __Vectors_End                            0x080000ec   Data           0  startup_stm32f10x_md.o(RESET)
    __main                                   0x080000ed   Thumb Code     8  __main.o(!!!main)
    __scatterload                            0x080000f5   Thumb Code     0  __scatter.o(!!!scatter)
    __scatterload_rt2                        0x080000f5   Thumb Code    44  __scatter.o(!!!scatter)
    __scatterload_rt2_thumb_only             0x080000f5   Thumb Code     0  __scatter.o(!!!scatter)
    __scatterload_null                       0x08000103   Thumb Code     0  __scatter.o(!!!scatter)
    __scatterload_copy                       0x08000129   Thumb Code    26  __scatter_copy.o(!!handler_copy)
    __scatterload_zeroinit                   0x08000145   Thumb Code    28  __scatter_zi.o(!!handler_zi)
    __rt_lib_init                            0x08000161   Thumb Code     0  libinit.o(.ARM.Collect$$libinit$$00000000)
    __rt_lib_init_alloca_1                   0x08000163   Thumb Code     0  libinit2.o(.ARM.Collect$$libinit$$0000002E)
    __rt_lib_init_argv_1                     0x08000163   Thumb Code     0  libinit2.o(.ARM.Collect$$libinit$$0000002C)
    __rt_lib_init_atexit_1                   0x08000163   Thumb Code     0  libinit2.o(.ARM.Collect$$libinit$$0000001B)
    __rt_lib_init_clock_1                    0x08000163   Thumb Code     0  libinit2.o(.ARM.Collect$$libinit$$00000021)
    __rt_lib_init_cpp_1                      0x08000163   Thumb Code     0  libinit2.o(.ARM.Collect$$libinit$$00000032)
    __rt_lib_init_exceptions_1               0x08000163   Thumb Code     0  libinit2.o(.ARM.Collect$$libinit$$00000030)
    __rt_lib_init_fp_1                       0x08000163   Thumb Code     0  libinit2.o(.ARM.Collect$$libinit$$00000002)
    __rt_lib_init_fp_trap_1                  0x08000163   Thumb Code     0  libinit2.o(.ARM.Collect$$libinit$$0000001F)
    __rt_lib_init_getenv_1                   0x08000163   Thumb Code     0  libinit2.o(.ARM.Collect$$libinit$$00000023)
    __rt_lib_init_heap_1                     0x08000163   Thumb Code     0  libinit2.o(.ARM.Collect$$libinit$$0000000A)
    __rt_lib_init_lc_collate_1               0x08000163   Thumb Code     0  libinit2.o(.ARM.Collect$$libinit$$00000011)
    __rt_lib_init_lc_ctype_1                 0x08000163   Thumb Code     0  libinit2.o(.ARM.Collect$$libinit$$00000013)
    __rt_lib_init_lc_monetary_1              0x08000163   Thumb Code     0  libinit2.o(.ARM.Collect$$libinit$$00000015)
    __rt_lib_init_lc_numeric_1               0x08000163   Thumb Code     0  libinit2.o(.ARM.Collect$$libinit$$00000017)
    __rt_lib_init_lc_time_1                  0x08000163   Thumb Code     0  libinit2.o(.ARM.Collect$$libinit$$00000019)
    __rt_lib_init_preinit_1                  0x08000163   Thumb Code     0  libinit2.o(.ARM.Collect$$libinit$$00000004)
    __rt_lib_init_rand_1                     0x08000163   Thumb Code     0  libinit2.o(.ARM.Collect$$libinit$$0000000E)
    __rt_lib_init_return                     0x08000163   Thumb Code     0  libinit2.o(.ARM.Collect$$libinit$$00000033)
    __rt_lib_init_signal_1                   0x08000163   Thumb Code     0  libinit2.o(.ARM.Collect$$libinit$$0000001D)
    __rt_lib_init_stdio_1                    0x08000163   Thumb Code     0  libinit2.o(.ARM.Collect$$libinit$$00000025)
    __rt_lib_init_user_alloc_1               0x08000163   Thumb Code     0  libinit2.o(.ARM.Collect$$libinit$$0000000C)
    __rt_lib_shutdown                        0x08000165   Thumb Code     0  libshutdown.o(.ARM.Collect$$libshutdown$$00000000)
    __rt_lib_shutdown_cpp_1                  0x08000167   Thumb Code     0  libshutdown2.o(.ARM.Collect$$libshutdown$$00000004)
    __rt_lib_shutdown_fini_1                 0x08000167   Thumb Code     0  libshutdown2.o(.ARM.Collect$$libshutdown$$00000002)
    __rt_lib_shutdown_fp_trap_1              0x08000167   Thumb Code     0  libshutdown2.o(.ARM.Collect$$libshutdown$$00000009)
    __rt_lib_shutdown_heap_1                 0x08000167   Thumb Code     0  libshutdown2.o(.ARM.Collect$$libshutdown$$00000011)
    __rt_lib_shutdown_return                 0x08000167   Thumb Code     0  libshutdown2.o(.ARM.Collect$$libshutdown$$00000012)
    __rt_lib_shutdown_signal_1               0x08000167   Thumb Code     0  libshutdown2.o(.ARM.Collect$$libshutdown$$0000000C)
    __rt_lib_shutdown_stdio_1                0x08000167   Thumb Code     0  libshutdown2.o(.ARM.Collect$$libshutdown$$00000006)
    __rt_lib_shutdown_user_alloc_1           0x08000167   Thumb Code     0  libshutdown2.o(.ARM.Collect$$libshutdown$$0000000E)
    __rt_entry                               0x08000169   Thumb Code     0  __rtentry.o(.ARM.Collect$$rtentry$$00000000)
    __rt_entry_presh_1                       0x08000169   Thumb Code     0  __rtentry2.o(.ARM.Collect$$rtentry$$00000002)
    __rt_entry_sh                            0x08000169   Thumb Code     0  __rtentry4.o(.ARM.Collect$$rtentry$$00000004)
    __rt_entry_li                            0x0800016f   Thumb Code     0  __rtentry2.o(.ARM.Collect$$rtentry$$0000000A)
    __rt_entry_postsh_1                      0x0800016f   Thumb Code     0  __rtentry2.o(.ARM.Collect$$rtentry$$00000009)
    __rt_entry_main                          0x08000173   Thumb Code     0  __rtentry2.o(.ARM.Collect$$rtentry$$0000000D)
    __rt_entry_postli_1                      0x08000173   Thumb Code     0  __rtentry2.o(.ARM.Collect$$rtentry$$0000000C)
    __rt_exit                                0x0800017b   Thumb Code     0  rtexit.o(.ARM.Collect$$rtexit$$00000000)
    __rt_exit_ls                             0x0800017d   Thumb Code     0  rtexit2.o(.ARM.Collect$$rtexit$$00000003)
    __rt_exit_prels_1                        0x0800017d   Thumb Code     0  rtexit2.o(.ARM.Collect$$rtexit$$00000002)
    __rt_exit_exit                           0x08000181   Thumb Code     0  rtexit2.o(.ARM.Collect$$rtexit$$00000004)
    Reset_Handler                            0x08000189   Thumb Code     8  startup_stm32f10x_md.o(.text)
    ADC1_2_IRQHandler                        0x080001a3   Thumb Code     0  startup_stm32f10x_md.o(.text)
    CAN1_RX1_IRQHandler                      0x080001a3   Thumb Code     0  startup_stm32f10x_md.o(.text)
    CAN1_SCE_IRQHandler                      0x080001a3   Thumb Code     0  startup_stm32f10x_md.o(.text)
    DMA1_Channel1_IRQHandler                 0x080001a3   Thumb Code     0  startup_stm32f10x_md.o(.text)
    DMA1_Channel2_IRQHandler                 0x080001a3   Thumb Code     0  startup_stm32f10x_md.o(.text)
    DMA1_Channel3_IRQHandler                 0x080001a3   Thumb Code     0  startup_stm32f10x_md.o(.text)
    DMA1_Channel4_IRQHandler                 0x080001a3   Thumb Code     0  startup_stm32f10x_md.o(.text)
    DMA1_Channel5_IRQHandler                 0x080001a3   Thumb Code     0  startup_stm32f10x_md.o(.text)
    DMA1_Channel6_IRQHandler                 0x080001a3   Thumb Code     0  startup_stm32f10x_md.o(.text)
    DMA1_Channel7_IRQHandler                 0x080001a3   Thumb Code     0  startup_stm32f10x_md.o(.text)
    EXTI0_IRQHandler                         0x080001a3   Thumb Code     0  startup_stm32f10x_md.o(.text)
    EXTI15_10_IRQHandler                     0x080001a3   Thumb Code     0  startup_stm32f10x_md.o(.text)
    EXTI1_IRQHandler                         0x080001a3   Thumb Code     0  startup_stm32f10x_md.o(.text)
    EXTI2_IRQHandler                         0x080001a3   Thumb Code     0  startup_stm32f10x_md.o(.text)
    EXTI3_IRQHandler                         0x080001a3   Thumb Code     0  startup_stm32f10x_md.o(.text)
    EXTI4_IRQHandler                         0x080001a3   Thumb Code     0  startup_stm32f10x_md.o(.text)
    EXTI9_5_IRQHandler                       0x080001a3   Thumb Code     0  startup_stm32f10x_md.o(.text)
    FLASH_IRQHandler                         0x080001a3   Thumb Code     0  startup_stm32f10x_md.o(.text)
    I2C1_ER_IRQHandler                       0x080001a3   Thumb Code     0  startup_stm32f10x_md.o(.text)
    I2C1_EV_IRQHandler                       0x080001a3   Thumb Code     0  startup_stm32f10x_md.o(.text)
    I2C2_ER_IRQHandler                       0x080001a3   Thumb Code     0  startup_stm32f10x_md.o(.text)
    I2C2_EV_IRQHandler                       0x080001a3   Thumb Code     0  startup_stm32f10x_md.o(.text)
    PVD_IRQHandler                           0x080001a3   Thumb Code     0  startup_stm32f10x_md.o(.text)
    RCC_IRQHandler                           0x080001a3   Thumb Code     0  startup_stm32f10x_md.o(.text)
    RTCAlarm_IRQHandler                      0x080001a3   Thumb Code     0  startup_stm32f10x_md.o(.text)
    RTC_IRQHandler                           0x080001a3   Thumb Code     0  startup_stm32f10x_md.o(.text)
    SPI1_IRQHandler                          0x080001a3   Thumb Code     0  startup_stm32f10x_md.o(.text)
    SPI2_IRQHandler                          0x080001a3   Thumb Code     0  startup_stm32f10x_md.o(.text)
    TAMPER_IRQHandler                        0x080001a3   Thumb Code     0  startup_stm32f10x_md.o(.text)
    TIM1_BRK_IRQHandler                      0x080001a3   Thumb Code     0  startup_stm32f10x_md.o(.text)
    TIM1_CC_IRQHandler                       0x080001a3   Thumb Code     0  startup_stm32f10x_md.o(.text)
    TIM1_TRG_COM_IRQHandler                  0x080001a3   Thumb Code     0  startup_stm32f10x_md.o(.text)
    TIM1_UP_IRQHandler                       0x080001a3   Thumb Code     0  startup_stm32f10x_md.o(.text)
    TIM3_IRQHandler                          0x080001a3   Thumb Code     0  startup_stm32f10x_md.o(.text)
    TIM4_IRQHandler                          0x080001a3   Thumb Code     0  startup_stm32f10x_md.o(.text)
    USART1_IRQHandler                        0x080001a3   Thumb Code     0  startup_stm32f10x_md.o(.text)
    USART2_IRQHandler                        0x080001a3   Thumb Code     0  startup_stm32f10x_md.o(.text)
    USART3_IRQHandler                        0x080001a3   Thumb Code     0  startup_stm32f10x_md.o(.text)
    USBWakeUp_IRQHandler                     0x080001a3   Thumb Code     0  startup_stm32f10x_md.o(.text)
    USB_HP_CAN1_TX_IRQHandler                0x080001a3   Thumb Code     0  startup_stm32f10x_md.o(.text)
    USB_LP_CAN1_RX0_IRQHandler               0x080001a3   Thumb Code     0  startup_stm32f10x_md.o(.text)
    WWDG_IRQHandler                          0x080001a3   Thumb Code     0  startup_stm32f10x_md.o(.text)
    __user_initial_stackheap                 0x080001a5   Thumb Code     0  startup_stm32f10x_md.o(.text)
    __aeabi_memcpy4                          0x080001c9   Thumb Code     0  rt_memcpy_w.o(.text)
    __aeabi_memcpy8                          0x080001c9   Thumb Code     0  rt_memcpy_w.o(.text)
    __rt_memcpy_w                            0x080001c9   Thumb Code   100  rt_memcpy_w.o(.text)
    _memcpy_lastbytes_aligned                0x08000211   Thumb Code     0  rt_memcpy_w.o(.text)
    localtime                                0x0800022d   Thumb Code     6  localtime.o(.text)
    mktime                                   0x08000277   Thumb Code   356  mktime.o(.text)
    __use_two_region_memory                  0x080003e5   Thumb Code     2  heapauxi.o(.text)
    __rt_heap_escrow$2region                 0x080003e7   Thumb Code     2  heapauxi.o(.text)
    __rt_heap_expand$2region                 0x080003e9   Thumb Code     2  heapauxi.o(.text)
    _localtime_r                             0x080003ed   Thumb Code   178  localtime_internal.o(.text)
    _n$localtime_r                           0x080003ed   Thumb Code     0  localtime_internal.o(.text)
    __aeabi_memclr4                          0x080004a5   Thumb Code     0  rt_memclr_w.o(.text)
    __aeabi_memclr8                          0x080004a5   Thumb Code     0  rt_memclr_w.o(.text)
    __rt_memclr_w                            0x080004a5   Thumb Code    78  rt_memclr_w.o(.text)
    _memset_w                                0x080004a9   Thumb Code     0  rt_memclr_w.o(.text)
    __user_setup_stackheap                   0x080004f3   Thumb Code    74  sys_stackheap_outer.o(.text)
    exit                                     0x0800053d   Thumb Code    18  exit.o(.text)
    __user_libspace                          0x08000551   Thumb Code     8  libspace.o(.text)
    __user_perproc_libspace                  0x08000551   Thumb Code     0  libspace.o(.text)
    __user_perthread_libspace                0x08000551   Thumb Code     0  libspace.o(.text)
    _sys_exit                                0x08000559   Thumb Code     8  sys_exit.o(.text)
    __I$use$semihosting                      0x08000565   Thumb Code     0  use_no_semi.o(.text)
    __use_no_semihosting_swi                 0x08000565   Thumb Code     2  use_no_semi.o(.text)
    __semihosting_library_function           0x08000567   Thumb Code     0  indicate_semi.o(.text)
    Alarm_Clock                              0x08000569   Thumb Code   276  key.o(i.Alarm_Clock)
    Alarm_Ring                               0x08000691   Thumb Code    92  key.o(i.Alarm_Ring)
    BKP_ReadBackupRegister                   0x080006f5   Thumb Code    14  stm32f10x_bkp.o(i.BKP_ReadBackupRegister)
    BKP_WriteBackupRegister                  0x08000709   Thumb Code    14  stm32f10x_bkp.o(i.BKP_WriteBackupRegister)
    BusFault_Handler                         0x0800071d   Thumb Code     2  stm32f10x_it.o(i.BusFault_Handler)
    Buzzer_OFF                               0x08000721   Thumb Code     8  buzzer.o(i.Buzzer_OFF)
    Buzzer_ON                                0x0800072d   Thumb Code     8  buzzer.o(i.Buzzer_ON)
    DebugMon_Handler                         0x08000739   Thumb Code     2  stm32f10x_it.o(i.DebugMon_Handler)
    Delay_ms                                 0x0800073b   Thumb Code    24  delay.o(i.Delay_ms)
    Delay_us                                 0x08000753   Thumb Code    32  delay.o(i.Delay_us)
    GPIO_Init                                0x08000773   Thumb Code   166  stm32f10x_gpio.o(i.GPIO_Init)
    GPIO_PinRemapConfig                      0x08000819   Thumb Code    86  stm32f10x_gpio.o(i.GPIO_PinRemapConfig)
    GPIO_ReadInputDataBit                    0x08000875   Thumb Code    14  stm32f10x_gpio.o(i.GPIO_ReadInputDataBit)
    GPIO_ResetBits                           0x08000883   Thumb Code     4  stm32f10x_gpio.o(i.GPIO_ResetBits)
    GPIO_SetBits                             0x08000887   Thumb Code     4  stm32f10x_gpio.o(i.GPIO_SetBits)
    GPIO_WriteBit                            0x0800088b   Thumb Code    12  stm32f10x_gpio.o(i.GPIO_WriteBit)
    HardFault_Handler                        0x08000897   Thumb Code     2  stm32f10x_it.o(i.HardFault_Handler)
    Key_GetNum                               0x08000899   Thumb Code   312  key.o(i.Key_GetNum)
    Key_Init                                 0x080009e9   Thumb Code    92  key.o(i.Key_Init)
    MOTOR_Angle_Hour                         0x08000a51   Thumb Code    72  stepper_motors.o(i.MOTOR_Angle_Hour)
    MOTOR_Angle_Min                          0x08000a99   Thumb Code    72  stepper_motors.o(i.MOTOR_Angle_Min)
    MemManage_Handler                        0x08000ae1   Thumb Code     2  stm32f10x_it.o(i.MemManage_Handler)
    Motor_Init                               0x08000ae5   Thumb Code    50  stepper_motors.o(i.Motor_Init)
    MyRTC_Init                               0x08000b1d   Thumb Code   114  rtc_clock.o(i.MyRTC_Init)
    MyRTC_ReadTime                           0x08000b91   Thumb Code    70  rtc_clock.o(i.MyRTC_ReadTime)
    MyRTC_SetTime                            0x08000bdd   Thumb Code    70  rtc_clock.o(i.MyRTC_SetTime)
    NMI_Handler                              0x08000c29   Thumb Code     2  stm32f10x_it.o(i.NMI_Handler)
    NVIC_Init                                0x08000c2d   Thumb Code    96  misc.o(i.NVIC_Init)
    OLED_Clear                               0x08000c91   Thumb Code    38  oled.o(i.OLED_Clear)
    OLED_I2C_Init                            0x08000cb9   Thumb Code    76  oled.o(i.OLED_I2C_Init)
    OLED_I2C_SendByte                        0x08000d09   Thumb Code    86  oled.o(i.OLED_I2C_SendByte)
    OLED_I2C_Start                           0x08000d65   Thumb Code    52  oled.o(i.OLED_I2C_Start)
    OLED_I2C_Stop                            0x08000d9d   Thumb Code    42  oled.o(i.OLED_I2C_Stop)
    OLED_Init                                0x08000dcd   Thumb Code   172  oled.o(i.OLED_Init)
    OLED_Pow                                 0x08000e79   Thumb Code    16  oled.o(i.OLED_Pow)
    OLED_SetCursor                           0x08000e89   Thumb Code    34  oled.o(i.OLED_SetCursor)
    OLED_ShowChar                            0x08000ead   Thumb Code    82  oled.o(i.OLED_ShowChar)
    OLED_ShowNum                             0x08000f05   Thumb Code    64  oled.o(i.OLED_ShowNum)
    OLED_ShowString                          0x08000f45   Thumb Code    38  oled.o(i.OLED_ShowString)
    OLED_WriteCommand                        0x08000f6b   Thumb Code    34  oled.o(i.OLED_WriteCommand)
    OLED_WriteData                           0x08000f8d   Thumb Code    34  oled.o(i.OLED_WriteData)
    PWR_BackupAccessCmd                      0x08000fb1   Thumb Code     6  stm32f10x_pwr.o(i.PWR_BackupAccessCmd)
    PendSV_Handler                           0x08000fbd   Thumb Code     2  stm32f10x_it.o(i.PendSV_Handler)
    RCC_APB1PeriphClockCmd                   0x08000fc1   Thumb Code    22  stm32f10x_rcc.o(i.RCC_APB1PeriphClockCmd)
    RCC_APB2PeriphClockCmd                   0x08000fdd   Thumb Code    22  stm32f10x_rcc.o(i.RCC_APB2PeriphClockCmd)
    RCC_GetFlagStatus                        0x08000ff9   Thumb Code    42  stm32f10x_rcc.o(i.RCC_GetFlagStatus)
    RCC_LSEConfig                            0x08001029   Thumb Code    34  stm32f10x_rcc.o(i.RCC_LSEConfig)
    RCC_RTCCLKCmd                            0x08001051   Thumb Code     6  stm32f10x_rcc.o(i.RCC_RTCCLKCmd)
    RCC_RTCCLKConfig                         0x0800105d   Thumb Code    10  stm32f10x_rcc.o(i.RCC_RTCCLKConfig)
    RTC_EnterConfigMode                      0x0800106d   Thumb Code    12  stm32f10x_rtc.o(i.RTC_EnterConfigMode)
    RTC_ExitConfigMode                       0x0800107d   Thumb Code    12  stm32f10x_rtc.o(i.RTC_ExitConfigMode)
    RTC_GetCounter                           0x0800108d   Thumb Code    16  stm32f10x_rtc.o(i.RTC_GetCounter)
    RTC_GetDivider                           0x080010a1   Thumb Code    18  stm32f10x_rtc.o(i.RTC_GetDivider)
    RTC_SetCounter                           0x080010b9   Thumb Code    26  stm32f10x_rtc.o(i.RTC_SetCounter)
    RTC_SetPrescaler                         0x080010d9   Thumb Code    28  stm32f10x_rtc.o(i.RTC_SetPrescaler)
    RTC_WaitForLastTask                      0x080010f9   Thumb Code    10  stm32f10x_rtc.o(i.RTC_WaitForLastTask)
    RTC_WaitForSynchro                       0x08001109   Thumb Code    18  stm32f10x_rtc.o(i.RTC_WaitForSynchro)
    Reduce_Num                               0x08001121   Thumb Code   296  key.o(i.Reduce_Num)
    SVC_Handler                              0x08001259   Thumb Code     2  stm32f10x_it.o(i.SVC_Handler)
    StepMotor_Hour                           0x08001311   Thumb Code   310  stepper_motors.o(i.StepMotor_Hour)
    StepMotor_Min                            0x08001451   Thumb Code   334  stepper_motors.o(i.StepMotor_Min)
    StepMotor_Run_Hour                       0x080015a9   Thumb Code   312  stepper_motors.o(i.StepMotor_Run_Hour)
    StepMotor_Run_Min                        0x080016e5   Thumb Code   314  stepper_motors.o(i.StepMotor_Run_Min)
    Switch_Change_Mode                       0x08001825   Thumb Code    84  key.o(i.Switch_Change_Mode)
    SysTick_Handler                          0x08001881   Thumb Code     2  stm32f10x_it.o(i.SysTick_Handler)
    SystemInit                               0x08001885   Thumb Code    64  system_stm32f10x.o(i.SystemInit)
    TIM2_IRQHandler                          0x080018d5   Thumb Code    66  main.o(i.TIM2_IRQHandler)
    TIM2_Init                                0x0800191d   Thumb Code    90  tim.o(i.TIM2_Init)
    TIM_ClearITPendingBit                    0x08001977   Thumb Code     6  stm32f10x_tim.o(i.TIM_ClearITPendingBit)
    TIM_Cmd                                  0x0800197d   Thumb Code    24  stm32f10x_tim.o(i.TIM_Cmd)
    TIM_GetITStatus                          0x08001995   Thumb Code    24  stm32f10x_tim.o(i.TIM_GetITStatus)
    TIM_ITConfig                             0x080019ad   Thumb Code    20  stm32f10x_tim.o(i.TIM_ITConfig)
    TIM_TimeBaseInit                         0x080019c1   Thumb Code   114  stm32f10x_tim.o(i.TIM_TimeBaseInit)
    UsageFault_Handler                       0x08001a5d   Thumb Code     2  stm32f10x_it.o(i.UsageFault_Handler)
    main                                     0x08001a61   Thumb Code   792  main.o(i.main)
    __aeabi_ddiv                             0x08001e0d   Thumb Code     0  ddiv.o(x$fpl$ddiv)
    _ddiv                                    0x08001e0d   Thumb Code   552  ddiv.o(x$fpl$ddiv)
    __aeabi_d2uiz                            0x080020bd   Thumb Code     0  dfixu.o(x$fpl$dfixu)
    _dfixu                                   0x080020bd   Thumb Code    90  dfixu.o(x$fpl$dfixu)
    __aeabi_ui2d                             0x08002117   Thumb Code     0  dflt_clz.o(x$fpl$dfltu)
    _dfltu                                   0x08002117   Thumb Code    38  dflt_clz.o(x$fpl$dfltu)
    __aeabi_dmul                             0x0800213d   Thumb Code     0  dmul.o(x$fpl$dmul)
    _dmul                                    0x0800213d   Thumb Code   332  dmul.o(x$fpl$dmul)
    __fpl_dnaninf                            0x08002291   Thumb Code   156  dnaninf.o(x$fpl$dnaninf)
    __fpl_dretinf                            0x0800232d   Thumb Code    12  dretinf.o(x$fpl$dretinf)
    __aeabi_fadd                             0x08002339   Thumb Code     0  faddsub_clz.o(x$fpl$fadd)
    _fadd                                    0x08002339   Thumb Code   196  faddsub_clz.o(x$fpl$fadd)
    __fpl_fcheck_NaN1                        0x080023fd   Thumb Code     6  fcheck1.o(x$fpl$fcheck1)
    __fpl_fcmp_Inf                           0x08002409   Thumb Code    24  fcmpi.o(x$fpl$fcmpinf)
    __aeabi_i2f                              0x08002421   Thumb Code     0  fflt_clz.o(x$fpl$fflt)
    _fflt                                    0x08002421   Thumb Code    48  fflt_clz.o(x$fpl$fflt)
    __aeabi_cfcmple                          0x08002451   Thumb Code     0  fleqf.o(x$fpl$fleqf)
    _fcmple                                  0x08002451   Thumb Code   104  fleqf.o(x$fpl$fleqf)
    __fpl_fcmple_InfNaN                      0x080024a3   Thumb Code     0  fleqf.o(x$fpl$fleqf)
    __fpl_fnaninf                            0x080024b9   Thumb Code   140  fnaninf.o(x$fpl$fnaninf)
    __fpl_fretinf                            0x08002545   Thumb Code    10  fretinf.o(x$fpl$fretinf)
    __aeabi_cfrcmple                         0x0800254f   Thumb Code     0  frleqf.o(x$fpl$frleqf)
    _frcmple                                 0x0800254f   Thumb Code    98  frleqf.o(x$fpl$frleqf)
    __aeabi_fsub                             0x080025b1   Thumb Code     0  faddsub_clz.o(x$fpl$fsub)
    _fsub                                    0x080025b1   Thumb Code   234  faddsub_clz.o(x$fpl$fsub)
    __fpl_return_NaN                         0x0800269b   Thumb Code   100  retnan.o(x$fpl$retnan)
    __ARM_scalbnf                            0x080026ff   Thumb Code    76  scalbnf.o(x$fpl$scalbnf)
    __fpl_cmpreturn                          0x0800274b   Thumb Code    48  trapv.o(x$fpl$trapveneer)
    OLED_F8x16                               0x0800277a   Data        1520  oled.o(.constdata)
    __I$use$fp                               0x0800277a   Number         0  usenofp.o(x$fpl$usenofp)
    _monlen                                  0x08002d6a   Data          12  _monlen.o(.constdata)
    Region$$Table$$Base                      0x08002d78   Number         0  anon$$obj.o(Region$$Table)
    Region$$Table$$Limit                     0x08002d98   Number         0  anon$$obj.o(Region$$Table)
    SetMode                                  0x20000000   Data           1  key.o(.data)
    Reduce_Mode                              0x20000001   Data           1  key.o(.data)
    MyRTC_Time                               0x20000004   Data          12  rtc_clock.o(.data)
    step                                     0x2000001c   Data           1  main.o(.data)
    Alarm_Time                               0x20000028   Data          12  key.o(.bss)
    __libspace_start                         0x20000060   Data          96  libspace.o(.bss)
    __temporary_stack_top$libspace           0x200000c0   Data           0  libspace.o(.bss)



==============================================================================

Memory Map of the image

  Image Entry point : 0x080000ed

  Load Region LR_IROM1 (Base: 0x08000000, Size: 0x00002dc0, Max: 0x00010000, ABSOLUTE)

    Execution Region ER_IROM1 (Exec base: 0x08000000, Load base: 0x08000000, Size: 0x00002d98, Max: 0x00010000, ABSOLUTE)

    Exec Addr    Load Addr    Size         Type   Attr      Idx    E Section Name        Object

    0x08000000   0x08000000   0x000000ec   Data   RO           19    RESET               startup_stm32f10x_md.o
    0x080000ec   0x080000ec   0x00000008   Code   RO         3672  * !!!main             c_w.l(__main.o)
    0x080000f4   0x080000f4   0x00000034   Code   RO         3887    !!!scatter          c_w.l(__scatter.o)
    0x08000128   0x08000128   0x0000001a   Code   RO         3889    !!handler_copy      c_w.l(__scatter_copy.o)
    0x08000142   0x08000142   0x00000002   PAD
    0x08000144   0x08000144   0x0000001c   Code   RO         3891    !!handler_zi        c_w.l(__scatter_zi.o)
    0x08000160   0x08000160   0x00000002   Code   RO         3753    .ARM.Collect$$libinit$$00000000  c_w.l(libinit.o)
    0x08000162   0x08000162   0x00000000   Code   RO         3762    .ARM.Collect$$libinit$$00000002  c_w.l(libinit2.o)
    0x08000162   0x08000162   0x00000000   Code   RO         3764    .ARM.Collect$$libinit$$00000004  c_w.l(libinit2.o)
    0x08000162   0x08000162   0x00000000   Code   RO         3767    .ARM.Collect$$libinit$$0000000A  c_w.l(libinit2.o)
    0x08000162   0x08000162   0x00000000   Code   RO         3769    .ARM.Collect$$libinit$$0000000C  c_w.l(libinit2.o)
    0x08000162   0x08000162   0x00000000   Code   RO         3771    .ARM.Collect$$libinit$$0000000E  c_w.l(libinit2.o)
    0x08000162   0x08000162   0x00000000   Code   RO         3774    .ARM.Collect$$libinit$$00000011  c_w.l(libinit2.o)
    0x08000162   0x08000162   0x00000000   Code   RO         3776    .ARM.Collect$$libinit$$00000013  c_w.l(libinit2.o)
    0x08000162   0x08000162   0x00000000   Code   RO         3778    .ARM.Collect$$libinit$$00000015  c_w.l(libinit2.o)
    0x08000162   0x08000162   0x00000000   Code   RO         3780    .ARM.Collect$$libinit$$00000017  c_w.l(libinit2.o)
    0x08000162   0x08000162   0x00000000   Code   RO         3782    .ARM.Collect$$libinit$$00000019  c_w.l(libinit2.o)
    0x08000162   0x08000162   0x00000000   Code   RO         3784    .ARM.Collect$$libinit$$0000001B  c_w.l(libinit2.o)
    0x08000162   0x08000162   0x00000000   Code   RO         3786    .ARM.Collect$$libinit$$0000001D  c_w.l(libinit2.o)
    0x08000162   0x08000162   0x00000000   Code   RO         3788    .ARM.Collect$$libinit$$0000001F  c_w.l(libinit2.o)
    0x08000162   0x08000162   0x00000000   Code   RO         3790    .ARM.Collect$$libinit$$00000021  c_w.l(libinit2.o)
    0x08000162   0x08000162   0x00000000   Code   RO         3792    .ARM.Collect$$libinit$$00000023  c_w.l(libinit2.o)
    0x08000162   0x08000162   0x00000000   Code   RO         3794    .ARM.Collect$$libinit$$00000025  c_w.l(libinit2.o)
    0x08000162   0x08000162   0x00000000   Code   RO         3798    .ARM.Collect$$libinit$$0000002C  c_w.l(libinit2.o)
    0x08000162   0x08000162   0x00000000   Code   RO         3800    .ARM.Collect$$libinit$$0000002E  c_w.l(libinit2.o)
    0x08000162   0x08000162   0x00000000   Code   RO         3802    .ARM.Collect$$libinit$$00000030  c_w.l(libinit2.o)
    0x08000162   0x08000162   0x00000000   Code   RO         3804    .ARM.Collect$$libinit$$00000032  c_w.l(libinit2.o)
    0x08000162   0x08000162   0x00000002   Code   RO         3805    .ARM.Collect$$libinit$$00000033  c_w.l(libinit2.o)
    0x08000164   0x08000164   0x00000002   Code   RO         3825    .ARM.Collect$$libshutdown$$00000000  c_w.l(libshutdown.o)
    0x08000166   0x08000166   0x00000000   Code   RO         3838    .ARM.Collect$$libshutdown$$00000002  c_w.l(libshutdown2.o)
    0x08000166   0x08000166   0x00000000   Code   RO         3840    .ARM.Collect$$libshutdown$$00000004  c_w.l(libshutdown2.o)
    0x08000166   0x08000166   0x00000000   Code   RO         3842    .ARM.Collect$$libshutdown$$00000006  c_w.l(libshutdown2.o)
    0x08000166   0x08000166   0x00000000   Code   RO         3845    .ARM.Collect$$libshutdown$$00000009  c_w.l(libshutdown2.o)
    0x08000166   0x08000166   0x00000000   Code   RO         3848    .ARM.Collect$$libshutdown$$0000000C  c_w.l(libshutdown2.o)
    0x08000166   0x08000166   0x00000000   Code   RO         3850    .ARM.Collect$$libshutdown$$0000000E  c_w.l(libshutdown2.o)
    0x08000166   0x08000166   0x00000000   Code   RO         3853    .ARM.Collect$$libshutdown$$00000011  c_w.l(libshutdown2.o)
    0x08000166   0x08000166   0x00000002   Code   RO         3854    .ARM.Collect$$libshutdown$$00000012  c_w.l(libshutdown2.o)
    0x08000168   0x08000168   0x00000000   Code   RO         3706    .ARM.Collect$$rtentry$$00000000  c_w.l(__rtentry.o)
    0x08000168   0x08000168   0x00000000   Code   RO         3724    .ARM.Collect$$rtentry$$00000002  c_w.l(__rtentry2.o)
    0x08000168   0x08000168   0x00000006   Code   RO         3736    .ARM.Collect$$rtentry$$00000004  c_w.l(__rtentry4.o)
    0x0800016e   0x0800016e   0x00000000   Code   RO         3726    .ARM.Collect$$rtentry$$00000009  c_w.l(__rtentry2.o)
    0x0800016e   0x0800016e   0x00000004   Code   RO         3727    .ARM.Collect$$rtentry$$0000000A  c_w.l(__rtentry2.o)
    0x08000172   0x08000172   0x00000000   Code   RO         3729    .ARM.Collect$$rtentry$$0000000C  c_w.l(__rtentry2.o)
    0x08000172   0x08000172   0x00000008   Code   RO         3730    .ARM.Collect$$rtentry$$0000000D  c_w.l(__rtentry2.o)
    0x0800017a   0x0800017a   0x00000002   Code   RO         3759    .ARM.Collect$$rtexit$$00000000  c_w.l(rtexit.o)
    0x0800017c   0x0800017c   0x00000000   Code   RO         3807    .ARM.Collect$$rtexit$$00000002  c_w.l(rtexit2.o)
    0x0800017c   0x0800017c   0x00000004   Code   RO         3808    .ARM.Collect$$rtexit$$00000003  c_w.l(rtexit2.o)
    0x08000180   0x08000180   0x00000006   Code   RO         3809    .ARM.Collect$$rtexit$$00000004  c_w.l(rtexit2.o)
    0x08000186   0x08000186   0x00000002   PAD
    0x08000188   0x08000188   0x00000040   Code   RO           20    .text               startup_stm32f10x_md.o
    0x080001c8   0x080001c8   0x00000064   Code   RO         3663    .text               c_w.l(rt_memcpy_w.o)
    0x0800022c   0x0800022c   0x0000000c   Code   RO         3665    .text               c_w.l(localtime.o)
    0x08000238   0x08000238   0x000001ac   Code   RO         3668    .text               c_w.l(mktime.o)
    0x080003e4   0x080003e4   0x00000006   Code   RO         3670    .text               c_w.l(heapauxi.o)
    0x080003ea   0x080003ea   0x00000002   PAD
    0x080003ec   0x080003ec   0x000000b8   Code   RO         3708    .text               c_w.l(localtime_internal.o)
    0x080004a4   0x080004a4   0x0000004e   Code   RO         3738    .text               c_w.l(rt_memclr_w.o)
    0x080004f2   0x080004f2   0x0000004a   Code   RO         3744    .text               c_w.l(sys_stackheap_outer.o)
    0x0800053c   0x0800053c   0x00000012   Code   RO         3746    .text               c_w.l(exit.o)
    0x0800054e   0x0800054e   0x00000002   PAD
    0x08000550   0x08000550   0x00000008   Code   RO         3756    .text               c_w.l(libspace.o)
    0x08000558   0x08000558   0x0000000c   Code   RO         3817    .text               c_w.l(sys_exit.o)
    0x08000564   0x08000564   0x00000002   Code   RO         3828    .text               c_w.l(use_no_semi.o)
    0x08000566   0x08000566   0x00000000   Code   RO         3830    .text               c_w.l(indicate_semi.o)
    0x08000566   0x08000566   0x00000002   PAD
    0x08000568   0x08000568   0x00000128   Code   RO         3238    i.Alarm_Clock       key.o
    0x08000690   0x08000690   0x00000064   Code   RO         3239    i.Alarm_Ring        key.o
    0x080006f4   0x080006f4   0x00000014   Code   RO          431    i.BKP_ReadBackupRegister  stm32f10x_bkp.o
    0x08000708   0x08000708   0x00000014   Code   RO          435    i.BKP_WriteBackupRegister  stm32f10x_bkp.o
    0x0800071c   0x0800071c   0x00000002   Code   RO         3598    i.BusFault_Handler  stm32f10x_it.o
    0x0800071e   0x0800071e   0x00000002   PAD
    0x08000720   0x08000720   0x0000000c   Code   RO         3304    i.Buzzer_OFF        buzzer.o
    0x0800072c   0x0800072c   0x0000000c   Code   RO         3305    i.Buzzer_ON         buzzer.o
    0x08000738   0x08000738   0x00000002   Code   RO         3599    i.DebugMon_Handler  stm32f10x_it.o
    0x0800073a   0x0800073a   0x00000018   Code   RO         3196    i.Delay_ms          delay.o
    0x08000752   0x08000752   0x00000020   Code   RO         3198    i.Delay_us          delay.o
    0x08000772   0x08000772   0x000000a6   Code   RO         1347    i.GPIO_Init         stm32f10x_gpio.o
    0x08000818   0x08000818   0x0000005c   Code   RO         1349    i.GPIO_PinRemapConfig  stm32f10x_gpio.o
    0x08000874   0x08000874   0x0000000e   Code   RO         1351    i.GPIO_ReadInputDataBit  stm32f10x_gpio.o
    0x08000882   0x08000882   0x00000004   Code   RO         1354    i.GPIO_ResetBits    stm32f10x_gpio.o
    0x08000886   0x08000886   0x00000004   Code   RO         1355    i.GPIO_SetBits      stm32f10x_gpio.o
    0x0800088a   0x0800088a   0x0000000c   Code   RO         1358    i.GPIO_WriteBit     stm32f10x_gpio.o
    0x08000896   0x08000896   0x00000002   Code   RO         3600    i.HardFault_Handler  stm32f10x_it.o
    0x08000898   0x08000898   0x00000150   Code   RO         3240    i.Key_GetNum        key.o
    0x080009e8   0x080009e8   0x00000068   Code   RO         3241    i.Key_Init          key.o
    0x08000a50   0x08000a50   0x00000048   Code   RO         3486    i.MOTOR_Angle_Hour  stepper_motors.o
    0x08000a98   0x08000a98   0x00000048   Code   RO         3487    i.MOTOR_Angle_Min   stepper_motors.o
    0x08000ae0   0x08000ae0   0x00000002   Code   RO         3601    i.MemManage_Handler  stm32f10x_it.o
    0x08000ae2   0x08000ae2   0x00000002   PAD
    0x08000ae4   0x08000ae4   0x00000038   Code   RO         3488    i.Motor_Init        stepper_motors.o
    0x08000b1c   0x08000b1c   0x00000072   Code   RO         3459    i.MyRTC_Init        rtc_clock.o
    0x08000b8e   0x08000b8e   0x00000002   PAD
    0x08000b90   0x08000b90   0x0000004c   Code   RO         3460    i.MyRTC_ReadTime    rtc_clock.o
    0x08000bdc   0x08000bdc   0x0000004c   Code   RO         3461    i.MyRTC_SetTime     rtc_clock.o
    0x08000c28   0x08000c28   0x00000002   Code   RO         3602    i.NMI_Handler       stm32f10x_it.o
    0x08000c2a   0x08000c2a   0x00000002   PAD
    0x08000c2c   0x08000c2c   0x00000064   Code   RO          137    i.NVIC_Init         misc.o
    0x08000c90   0x08000c90   0x00000026   Code   RO         3333    i.OLED_Clear        oled.o
    0x08000cb6   0x08000cb6   0x00000002   PAD
    0x08000cb8   0x08000cb8   0x00000050   Code   RO         3334    i.OLED_I2C_Init     oled.o
    0x08000d08   0x08000d08   0x0000005c   Code   RO         3335    i.OLED_I2C_SendByte  oled.o
    0x08000d64   0x08000d64   0x00000038   Code   RO         3336    i.OLED_I2C_Start    oled.o
    0x08000d9c   0x08000d9c   0x00000030   Code   RO         3337    i.OLED_I2C_Stop     oled.o
    0x08000dcc   0x08000dcc   0x000000ac   Code   RO         3338    i.OLED_Init         oled.o
    0x08000e78   0x08000e78   0x00000010   Code   RO         3339    i.OLED_Pow          oled.o
    0x08000e88   0x08000e88   0x00000022   Code   RO         3340    i.OLED_SetCursor    oled.o
    0x08000eaa   0x08000eaa   0x00000002   PAD
    0x08000eac   0x08000eac   0x00000058   Code   RO         3342    i.OLED_ShowChar     oled.o
    0x08000f04   0x08000f04   0x00000040   Code   RO         3344    i.OLED_ShowNum      oled.o
    0x08000f44   0x08000f44   0x00000026   Code   RO         3346    i.OLED_ShowString   oled.o
    0x08000f6a   0x08000f6a   0x00000022   Code   RO         3347    i.OLED_WriteCommand  oled.o
    0x08000f8c   0x08000f8c   0x00000022   Code   RO         3348    i.OLED_WriteData    oled.o
    0x08000fae   0x08000fae   0x00000002   PAD
    0x08000fb0   0x08000fb0   0x0000000c   Code   RO         1710    i.PWR_BackupAccessCmd  stm32f10x_pwr.o
    0x08000fbc   0x08000fbc   0x00000002   Code   RO         3603    i.PendSV_Handler    stm32f10x_it.o
    0x08000fbe   0x08000fbe   0x00000002   PAD
    0x08000fc0   0x08000fc0   0x0000001c   Code   RO         1775    i.RCC_APB1PeriphClockCmd  stm32f10x_rcc.o
    0x08000fdc   0x08000fdc   0x0000001c   Code   RO         1777    i.RCC_APB2PeriphClockCmd  stm32f10x_rcc.o
    0x08000ff8   0x08000ff8   0x00000030   Code   RO         1786    i.RCC_GetFlagStatus  stm32f10x_rcc.o
    0x08001028   0x08001028   0x00000028   Code   RO         1793    i.RCC_LSEConfig     stm32f10x_rcc.o
    0x08001050   0x08001050   0x0000000c   Code   RO         1800    i.RCC_RTCCLKCmd     stm32f10x_rcc.o
    0x0800105c   0x0800105c   0x00000010   Code   RO         1801    i.RCC_RTCCLKConfig  stm32f10x_rcc.o
    0x0800106c   0x0800106c   0x00000010   Code   RO         1978    i.RTC_EnterConfigMode  stm32f10x_rtc.o
    0x0800107c   0x0800107c   0x00000010   Code   RO         1979    i.RTC_ExitConfigMode  stm32f10x_rtc.o
    0x0800108c   0x0800108c   0x00000014   Code   RO         1980    i.RTC_GetCounter    stm32f10x_rtc.o
    0x080010a0   0x080010a0   0x00000018   Code   RO         1981    i.RTC_GetDivider    stm32f10x_rtc.o
    0x080010b8   0x080010b8   0x00000020   Code   RO         1986    i.RTC_SetCounter    stm32f10x_rtc.o
    0x080010d8   0x080010d8   0x00000020   Code   RO         1987    i.RTC_SetPrescaler  stm32f10x_rtc.o
    0x080010f8   0x080010f8   0x00000010   Code   RO         1988    i.RTC_WaitForLastTask  stm32f10x_rtc.o
    0x08001108   0x08001108   0x00000018   Code   RO         1989    i.RTC_WaitForSynchro  stm32f10x_rtc.o
    0x08001120   0x08001120   0x00000138   Code   RO         3242    i.Reduce_Num        key.o
    0x08001258   0x08001258   0x00000002   Code   RO         3604    i.SVC_Handler       stm32f10x_it.o
    0x0800125a   0x0800125a   0x00000004   Code   RO           24    i.SetSysClock       system_stm32f10x.o
    0x0800125e   0x0800125e   0x00000002   PAD
    0x08001260   0x08001260   0x000000b0   Code   RO           25    i.SetSysClockTo72   system_stm32f10x.o
    0x08001310   0x08001310   0x00000140   Code   RO         3489    i.StepMotor_Hour    stepper_motors.o
    0x08001450   0x08001450   0x00000158   Code   RO         3490    i.StepMotor_Min     stepper_motors.o
    0x080015a8   0x080015a8   0x0000013c   Code   RO         3491    i.StepMotor_Run_Hour  stepper_motors.o
    0x080016e4   0x080016e4   0x00000140   Code   RO         3492    i.StepMotor_Run_Min  stepper_motors.o
    0x08001824   0x08001824   0x0000005c   Code   RO         3243    i.Switch_Change_Mode  key.o
    0x08001880   0x08001880   0x00000002   Code   RO         3605    i.SysTick_Handler   stm32f10x_it.o
    0x08001882   0x08001882   0x00000002   PAD
    0x08001884   0x08001884   0x00000050   Code   RO           27    i.SystemInit        system_stm32f10x.o
    0x080018d4   0x080018d4   0x00000048   Code   RO         3551    i.TIM2_IRQHandler   main.o
    0x0800191c   0x0800191c   0x0000005a   Code   RO         3536    i.TIM2_Init         tim.o
    0x08001976   0x08001976   0x00000006   Code   RO         2416    i.TIM_ClearITPendingBit  stm32f10x_tim.o
    0x0800197c   0x0800197c   0x00000018   Code   RO         2421    i.TIM_Cmd           stm32f10x_tim.o
    0x08001994   0x08001994   0x00000018   Code   RO         2442    i.TIM_GetITStatus   stm32f10x_tim.o
    0x080019ac   0x080019ac   0x00000014   Code   RO         2446    i.TIM_ITConfig      stm32f10x_tim.o
    0x080019c0   0x080019c0   0x0000009c   Code   RO         2492    i.TIM_TimeBaseInit  stm32f10x_tim.o
    0x08001a5c   0x08001a5c   0x00000002   Code   RO         3606    i.UsageFault_Handler  stm32f10x_it.o
    0x08001a5e   0x08001a5e   0x00000002   PAD
    0x08001a60   0x08001a60   0x000003ac   Code   RO         3552    i.main              main.o
    0x08001e0c   0x08001e0c   0x000002b0   Code   RO         3675    x$fpl$ddiv          fz_ws.l(ddiv.o)
    0x080020bc   0x080020bc   0x0000005a   Code   RO         3678    x$fpl$dfixu         fz_ws.l(dfixu.o)
    0x08002116   0x08002116   0x00000026   Code   RO         3682    x$fpl$dfltu         fz_ws.l(dflt_clz.o)
    0x0800213c   0x0800213c   0x00000154   Code   RO         3688    x$fpl$dmul          fz_ws.l(dmul.o)
    0x08002290   0x08002290   0x0000009c   Code   RO         3710    x$fpl$dnaninf       fz_ws.l(dnaninf.o)
    0x0800232c   0x0800232c   0x0000000c   Code   RO         3712    x$fpl$dretinf       fz_ws.l(dretinf.o)
    0x08002338   0x08002338   0x000000c4   Code   RO         3690    x$fpl$fadd          fz_ws.l(faddsub_clz.o)
    0x080023fc   0x080023fc   0x0000000c   Code   RO         3714    x$fpl$fcheck1       fz_ws.l(fcheck1.o)
    0x08002408   0x08002408   0x00000018   Code   RO         3740    x$fpl$fcmpinf       fz_ws.l(fcmpi.o)
    0x08002420   0x08002420   0x00000030   Code   RO         3697    x$fpl$fflt          fz_ws.l(fflt_clz.o)
    0x08002450   0x08002450   0x00000068   Code   RO         3716    x$fpl$fleqf         fz_ws.l(fleqf.o)
    0x080024b8   0x080024b8   0x0000008c   Code   RO         3718    x$fpl$fnaninf       fz_ws.l(fnaninf.o)
    0x08002544   0x08002544   0x0000000a   Code   RO         3720    x$fpl$fretinf       fz_ws.l(fretinf.o)
    0x0800254e   0x0800254e   0x00000062   Code   RO         3702    x$fpl$frleqf        fz_ws.l(frleqf.o)
    0x080025b0   0x080025b0   0x000000ea   Code   RO         3692    x$fpl$fsub          fz_ws.l(faddsub_clz.o)
    0x0800269a   0x0800269a   0x00000064   Code   RO         3742    x$fpl$retnan        fz_ws.l(retnan.o)
    0x080026fe   0x080026fe   0x0000004c   Code   RO         3704    x$fpl$scalbnf       fz_ws.l(scalbnf.o)
    0x0800274a   0x0800274a   0x00000030   Code   RO         3754    x$fpl$trapveneer    fz_ws.l(trapv.o)
    0x0800277a   0x0800277a   0x00000000   Code   RO         3722    x$fpl$usenofp       fz_ws.l(usenofp.o)
    0x0800277a   0x0800277a   0x000005f0   Data   RO         3349    .constdata          oled.o
    0x08002d6a   0x08002d6a   0x0000000c   Data   RO         3707    .constdata          c_w.l(_monlen.o)
    0x08002d76   0x08002d76   0x00000002   PAD
    0x08002d78   0x08002d78   0x00000020   Data   RO         3885    Region$$Table       anon$$obj.o


    Execution Region RW_IRAM1 (Exec base: 0x20000000, Load base: 0x08002d98, Size: 0x000006c0, Max: 0x00005000, ABSOLUTE)

    Exec Addr    Load Addr    Size         Type   Attr      Idx    E Section Name        Object

    0x20000000   0x08002d98   0x00000003   Data   RW         3245    .data               key.o
    0x20000003   0x08002d9b   0x00000001   PAD
    0x20000004   0x08002d9c   0x0000000c   Data   RW         3462    .data               rtc_clock.o
    0x20000010   0x08002da8   0x0000000c   Data   RW         3493    .data               stepper_motors.o
    0x2000001c   0x08002db4   0x0000000c   Data   RW         3553    .data               main.o
    0x20000028        -       0x0000000c   Zero   RW         3244    .bss                key.o
    0x20000034        -       0x0000002c   Zero   RW         3666    .bss                c_w.l(localtime.o)
    0x20000060        -       0x00000060   Zero   RW         3757    .bss                c_w.l(libspace.o)
    0x200000c0        -       0x00000200   Zero   RW           18    HEAP                startup_stm32f10x_md.o
    0x200002c0        -       0x00000400   Zero   RW           17    STACK               startup_stm32f10x_md.o


==============================================================================

Image component sizes


      Code (inc. data)   RO Data    RW Data    ZI Data      Debug   Object Name

        24          8          0          0          0        769   buzzer.o
         0          0          0          0          0       4548   core_cm3.o
        56          0          0          0          0        898   delay.o
      1240        112          0          3         12       5442   key.o
      1012        154          0         12          0       1824   main.o
       100          4          0          0          0     204260   misc.o
       794         26       1520          0          0       7441   oled.o
       266         12          0         12          0       2139   rtc_clock.o
        64         26        236          0       1536        772   startup_stm32f10x_md.o
      1500         68          0         12          0       5384   stepper_motors.o
         0          0          0          0          0       1636   stm32f10x_adc.o
        40         12          0          0          0       1995   stm32f10x_bkp.o
       292          6          0          0          0      13110   stm32f10x_gpio.o
        18          0          0          0          0       3578   stm32f10x_it.o
        12          6          0          0          0        458   stm32f10x_pwr.o
       172         36          0          0          0       3173   stm32f10x_rcc.o
       180         40          0          0          0       3676   stm32f10x_rtc.o
       230         42          0          0          0      23682   stm32f10x_tim.o
       260         26          0          0          0      30357   system_stm32f10x.o
        90          0          0          0          0        504   tim.o

    ----------------------------------------------------------------------
      6372        578       1788         40       1548     315646   Object Totals
         0          0         32          0          0          0   (incl. Generated)
        22          0          0          1          0          0   (incl. Padding)

    ----------------------------------------------------------------------

      Code (inc. data)   RO Data    RW Data    ZI Data      Debug   Library Member Name

         8          0          0          0          0         68   __main.o
         0          0          0          0          0          0   __rtentry.o
        12          0          0          0          0          0   __rtentry2.o
         6          0          0          0          0          0   __rtentry4.o
        52          8          0          0          0          0   __scatter.o
        26          0          0          0          0          0   __scatter_copy.o
        28          0          0          0          0          0   __scatter_zi.o
         0          0         12          0          0          0   _monlen.o
        18          0          0          0          0         80   exit.o
         6          0          0          0          0        152   heapauxi.o
         0          0          0          0          0          0   indicate_semi.o
         2          0          0          0          0          0   libinit.o
         2          0          0          0          0          0   libinit2.o
         2          0          0          0          0          0   libshutdown.o
         2          0          0          0          0          0   libshutdown2.o
         8          4          0          0         96         68   libspace.o
        12          6          0          0         44         68   localtime.o
       184          6          0          0          0         80   localtime_internal.o
       428         10          0          0          0        116   mktime.o
        78          0          0          0          0         80   rt_memclr_w.o
       100          0          0          0          0         80   rt_memcpy_w.o
         2          0          0          0          0          0   rtexit.o
        10          0          0          0          0          0   rtexit2.o
        12          4          0          0          0         68   sys_exit.o
        74          0          0          0          0         80   sys_stackheap_outer.o
         2          0          0          0          0         68   use_no_semi.o
       688        140          0          0          0        208   ddiv.o
        90          4          0          0          0         92   dfixu.o
        38          0          0          0          0         68   dflt_clz.o
       340         12          0          0          0        104   dmul.o
       156          4          0          0          0         92   dnaninf.o
        12          0          0          0          0         68   dretinf.o
       430          8          0          0          0        168   faddsub_clz.o
        12          4          0          0          0         68   fcheck1.o
        24          0          0          0          0         68   fcmpi.o
        48          0          0          0          0         68   fflt_clz.o
       104          4          0          0          0         84   fleqf.o
       140          4          0          0          0         84   fnaninf.o
        10          0          0          0          0         68   fretinf.o
        98          0          0          0          0         68   frleqf.o
       100          0          0          0          0         68   retnan.o
        76          0          0          0          0         68   scalbnf.o
        48          0          0          0          0         68   trapv.o
         0          0          0          0          0          0   usenofp.o

    ----------------------------------------------------------------------
      3498        218         14          0        140       2520   Library Totals
        10          0          2          0          0          0   (incl. Padding)

    ----------------------------------------------------------------------

      Code (inc. data)   RO Data    RW Data    ZI Data      Debug   Library Name

      1074         38         12          0        140       1008   c_w.l
      2414        180          0          0          0       1512   fz_ws.l

    ----------------------------------------------------------------------
      3498        218         14          0        140       2520   Library Totals

    ----------------------------------------------------------------------

==============================================================================


      Code (inc. data)   RO Data    RW Data    ZI Data      Debug   

      9870        796       1802         40       1688     313066   Grand Totals
      9870        796       1802         40       1688     313066   ELF Image Totals
      9870        796       1802         40          0          0   ROM Totals

==============================================================================

    Total RO  Size (Code + RO Data)                11672 (  11.40kB)
    Total RW  Size (RW Data + ZI Data)              1728 (   1.69kB)
    Total ROM Size (Code + RO Data + RW Data)      11712 (  11.44kB)

==============================================================================

